ERROR - 2026-01-06 10:44:44 --> mysqli_sql_exception: Unknown column 'captcha_id' in 'where clause' in E:\finalVersion\backend\system\Database\MySQLi\Connection.php:327
Stack trace:
#0 E:\finalVersion\backend\system\Database\MySQLi\Connection.php(327): mysqli->query('SELECT *\nFROM `...', 0)
#1 E:\finalVersion\backend\system\Database\BaseConnection.php(738): CodeIgniter\Database\MySQLi\Connection->execute('SELECT *\nFROM `...')
#2 E:\finalVersion\backend\system\Database\BaseConnection.php(652): CodeIgniter\Database\BaseConnection->simpleQuery('SELECT *\nFROM `...')
#3 E:\finalVersion\backend\system\Database\BaseBuilder.php(1649): CodeIgniter\Database\BaseConnection->query('SELECT *\nFROM `...', Array, false)
#4 E:\finalVersion\backend\system\Model.php(330): CodeIgniter\Database\BaseBuilder->get()
#5 E:\finalVersion\backend\system\BaseModel.php(717): CodeIgniter\Model->doFirst()
#6 E:\finalVersion\backend\app\Libraries\Utils.php(442): CodeIgniter\BaseModel->first()
#7 E:\finalVersion\backend\app\Controllers\Api\Admin.php(111): App\Libraries\Utils::verifyCaptcha('cap_695ce5b6739...', 'P9VFJ')
#8 E:\finalVersion\backend\system\CodeIgniter.php(933): App\Controllers\Api\Admin->login()
#9 E:\finalVersion\backend\system\CodeIgniter.php(507): CodeIgniter\CodeIgniter->runController(Object(App\Controllers\Api\Admin))
#10 E:\finalVersion\backend\system\CodeIgniter.php(354): CodeIgniter\CodeIgniter->handleRequest(NULL, Object(Config\Cache), false)
#11 E:\finalVersion\backend\system\Boot.php(334): CodeIgniter\CodeIgniter->run()
#12 E:\finalVersion\backend\system\Boot.php(67): CodeIgniter\Boot::runCodeIgniter(Object(CodeIgniter\CodeIgniter))
#13 E:\finalVersion\backend\public\index.php(59): CodeIgniter\Boot::bootWeb(Object(Config\Paths))
#14 E:\finalVersion\backend\system\rewrite.php(44): require_once('E:\\finalVersion...')
#15 {main}
CRITICAL - 2026-01-06 10:44:44 --> CodeIgniter\Database\Exceptions\DatabaseException: Unknown column 'captcha_id' in 'where clause'
[Method: POST, Route: api/admin/login]
in SYSTEMPATH\Database\BaseConnection.php on line 692.
 1 SYSTEMPATH\Database\BaseBuilder.php(1649): CodeIgniter\Database\BaseConnection->query('SELECT *
FROM `captchas`
WHERE `captcha_id` = :captcha_id:
AND `ip_address` = :ip_address:
AND `expires_at` >= :expires_at:
 LIMIT 1', [...], false)
 2 SYSTEMPATH\Model.php(330): CodeIgniter\Database\BaseBuilder->get()
 3 SYSTEMPATH\BaseModel.php(717): CodeIgniter\Model->doFirst()
 4 APPPATH\Libraries\Utils.php(442): CodeIgniter\BaseModel->first()
 5 APPPATH\Controllers\Api\Admin.php(111): App\Libraries\Utils::verifyCaptcha('cap_695ce5b6739ff1.41487174', 'P9VFJ')
 6 SYSTEMPATH\CodeIgniter.php(933): App\Controllers\Api\Admin->login()
 7 SYSTEMPATH\CodeIgniter.php(507): CodeIgniter\CodeIgniter->runController(Object(App\Controllers\Api\Admin))
 8 SYSTEMPATH\CodeIgniter.php(354): CodeIgniter\CodeIgniter->handleRequest(null, Object(Config\Cache), false)
 9 SYSTEMPATH\Boot.php(334): CodeIgniter\CodeIgniter->run()
10 SYSTEMPATH\Boot.php(67): CodeIgniter\Boot::runCodeIgniter(Object(CodeIgniter\CodeIgniter))
11 FCPATH\index.php(59): CodeIgniter\Boot::bootWeb(Object(Config\Paths))
12 SYSTEMPATH\rewrite.php(44): require_once('E:\\finalVersion\\backend\\public\\index.php')
CRITICAL - 2026-01-06 10:44:44 --> [Caused by] CodeIgniter\Database\Exceptions\DatabaseException: Unknown column 'captcha_id' in 'where clause'
in SYSTEMPATH\Database\MySQLi\Connection.php on line 332.
 1 SYSTEMPATH\Database\BaseConnection.php(738): CodeIgniter\Database\MySQLi\Connection->execute('SELECT *
FROM `captchas`
WHERE `captcha_id` = \'cap_695ce5b6739ff1.41487174\'
AND `ip_address` = \'::1\'
AND `expires_at` >= \'2026-01-06 10:44:44\'
 LIMIT 1')
 2 SYSTEMPATH\Database\BaseConnection.php(652): CodeIgniter\Database\BaseConnection->simpleQuery('SELECT *
FROM `captchas`
WHERE `captcha_id` = \'cap_695ce5b6739ff1.41487174\'
AND `ip_address` = \'::1\'
AND `expires_at` >= \'2026-01-06 10:44:44\'
 LIMIT 1')
 3 SYSTEMPATH\Database\BaseBuilder.php(1649): CodeIgniter\Database\BaseConnection->query('SELECT *
FROM `captchas`
WHERE `captcha_id` = :captcha_id:
AND `ip_address` = :ip_address:
AND `expires_at` >= :expires_at:
 LIMIT 1', [...], false)
 4 SYSTEMPATH\Model.php(330): CodeIgniter\Database\BaseBuilder->get()
 5 SYSTEMPATH\BaseModel.php(717): CodeIgniter\Model->doFirst()
 6 APPPATH\Libraries\Utils.php(442): CodeIgniter\BaseModel->first()
 7 APPPATH\Controllers\Api\Admin.php(111): App\Libraries\Utils::verifyCaptcha('cap_695ce5b6739ff1.41487174', 'P9VFJ')
 8 SYSTEMPATH\CodeIgniter.php(933): App\Controllers\Api\Admin->login()
 9 SYSTEMPATH\CodeIgniter.php(507): CodeIgniter\CodeIgniter->runController(Object(App\Controllers\Api\Admin))
10 SYSTEMPATH\CodeIgniter.php(354): CodeIgniter\CodeIgniter->handleRequest(null, Object(Config\Cache), false)
11 SYSTEMPATH\Boot.php(334): CodeIgniter\CodeIgniter->run()
12 SYSTEMPATH\Boot.php(67): CodeIgniter\Boot::runCodeIgniter(Object(CodeIgniter\CodeIgniter))
13 FCPATH\index.php(59): CodeIgniter\Boot::bootWeb(Object(Config\Paths))
14 SYSTEMPATH\rewrite.php(44): require_once('E:\\finalVersion\\backend\\public\\index.php')
CRITICAL - 2026-01-06 10:44:44 --> [Caused by] mysqli_sql_exception: Unknown column 'captcha_id' in 'where clause'
in SYSTEMPATH\Database\MySQLi\Connection.php on line 327.
 1 SYSTEMPATH\Database\MySQLi\Connection.php(327): mysqli->query('SELECT *
FROM `captchas`
WHERE `captcha_id` = \'cap_695ce5b6739ff1.41487174\'
AND `ip_address` = \'::1\'
AND `expires_at` >= \'2026-01-06 10:44:44\'
 LIMIT 1', 0)
 2 SYSTEMPATH\Database\BaseConnection.php(738): CodeIgniter\Database\MySQLi\Connection->execute('SELECT *
FROM `captchas`
WHERE `captcha_id` = \'cap_695ce5b6739ff1.41487174\'
AND `ip_address` = \'::1\'
AND `expires_at` >= \'2026-01-06 10:44:44\'
 LIMIT 1')
 3 SYSTEMPATH\Database\BaseConnection.php(652): CodeIgniter\Database\BaseConnection->simpleQuery('SELECT *
FROM `captchas`
WHERE `captcha_id` = \'cap_695ce5b6739ff1.41487174\'
AND `ip_address` = \'::1\'
AND `expires_at` >= \'2026-01-06 10:44:44\'
 LIMIT 1')
 4 SYSTEMPATH\Database\BaseBuilder.php(1649): CodeIgniter\Database\BaseConnection->query('SELECT *
FROM `captchas`
WHERE `captcha_id` = :captcha_id:
AND `ip_address` = :ip_address:
AND `expires_at` >= :expires_at:
 LIMIT 1', [...], false)
 5 SYSTEMPATH\Model.php(330): CodeIgniter\Database\BaseBuilder->get()
 6 SYSTEMPATH\BaseModel.php(717): CodeIgniter\Model->doFirst()
 7 APPPATH\Libraries\Utils.php(442): CodeIgniter\BaseModel->first()
 8 APPPATH\Controllers\Api\Admin.php(111): App\Libraries\Utils::verifyCaptcha('cap_695ce5b6739ff1.41487174', 'P9VFJ')
 9 SYSTEMPATH\CodeIgniter.php(933): App\Controllers\Api\Admin->login()
10 SYSTEMPATH\CodeIgniter.php(507): CodeIgniter\CodeIgniter->runController(Object(App\Controllers\Api\Admin))
11 SYSTEMPATH\CodeIgniter.php(354): CodeIgniter\CodeIgniter->handleRequest(null, Object(Config\Cache), false)
12 SYSTEMPATH\Boot.php(334): CodeIgniter\CodeIgniter->run()
13 SYSTEMPATH\Boot.php(67): CodeIgniter\Boot::runCodeIgniter(Object(CodeIgniter\CodeIgniter))
14 FCPATH\index.php(59): CodeIgniter\Boot::bootWeb(Object(Config\Paths))
15 SYSTEMPATH\rewrite.php(44): require_once('E:\\finalVersion\\backend\\public\\index.php')
ERROR - 2026-01-06 11:25:39 --> mysqli_sql_exception: Unknown column 'captcha_id' in 'field list' in E:\finalVersion\backend\system\Database\MySQLi\Connection.php:327
Stack trace:
#0 E:\finalVersion\backend\system\Database\MySQLi\Connection.php(327): mysqli->query('INSERT INTO `ca...', 0)
#1 E:\finalVersion\backend\system\Database\BaseConnection.php(738): CodeIgniter\Database\MySQLi\Connection->execute('INSERT INTO `ca...')
#2 E:\finalVersion\backend\system\Database\BaseConnection.php(652): CodeIgniter\Database\BaseConnection->simpleQuery('INSERT INTO `ca...')
#3 E:\finalVersion\backend\system\Database\BaseBuilder.php(2345): CodeIgniter\Database\BaseConnection->query('INSERT INTO `ca...', Array, false)
#4 E:\finalVersion\backend\system\Model.php(394): CodeIgniter\Database\BaseBuilder->insert()
#5 E:\finalVersion\backend\system\BaseModel.php(843): CodeIgniter\Model->doInsert(Array)
#6 E:\finalVersion\backend\system\Model.php(800): CodeIgniter\BaseModel->insert(Array, true)
#7 E:\finalVersion\backend\app\Libraries\Utils.php(423): CodeIgniter\Model->insert(Array)
#8 E:\finalVersion\backend\app\Controllers\Api\Admin.php(87): App\Libraries\Utils::generateCaptcha()
#9 E:\finalVersion\backend\system\CodeIgniter.php(933): App\Controllers\Api\Admin->captcha()
#10 E:\finalVersion\backend\system\CodeIgniter.php(507): CodeIgniter\CodeIgniter->runController(Object(App\Controllers\Api\Admin))
#11 E:\finalVersion\backend\system\CodeIgniter.php(354): CodeIgniter\CodeIgniter->handleRequest(NULL, Object(Config\Cache), false)
#12 E:\finalVersion\backend\system\Boot.php(334): CodeIgniter\CodeIgniter->run()
#13 E:\finalVersion\backend\system\Boot.php(67): CodeIgniter\Boot::runCodeIgniter(Object(CodeIgniter\CodeIgniter))
#14 E:\finalVersion\backend\public\index.php(59): CodeIgniter\Boot::bootWeb(Object(Config\Paths))
#15 E:\finalVersion\backend\system\rewrite.php(44): require_once('E:\\finalVersion...')
#16 {main}
CRITICAL - 2026-01-06 11:25:39 --> CodeIgniter\Database\Exceptions\DatabaseException: Unknown column 'captcha_id' in 'field list'
[Method: GET, Route: api/admin/captcha]
in SYSTEMPATH\Database\BaseConnection.php on line 692.
 1 SYSTEMPATH\Database\BaseBuilder.php(2345): CodeIgniter\Database\BaseConnection->query('INSERT INTO `captchas` (`captcha_id`, `text`, `ip_address`, `created_at`, `expires_at`) VALUES (:captcha_id:, :text:, :ip_address:, :created_at:, :expires_at:)', [...], false)
 2 SYSTEMPATH\Model.php(394): CodeIgniter\Database\BaseBuilder->insert()
 3 SYSTEMPATH\BaseModel.php(843): CodeIgniter\Model->doInsert([...])
 4 SYSTEMPATH\Model.php(800): CodeIgniter\BaseModel->insert([...], true)
 5 APPPATH\Libraries\Utils.php(423): CodeIgniter\Model->insert([...])
 6 APPPATH\Controllers\Api\Admin.php(87): App\Libraries\Utils::generateCaptcha()
 7 SYSTEMPATH\CodeIgniter.php(933): App\Controllers\Api\Admin->captcha()
 8 SYSTEMPATH\CodeIgniter.php(507): CodeIgniter\CodeIgniter->runController(Object(App\Controllers\Api\Admin))
 9 SYSTEMPATH\CodeIgniter.php(354): CodeIgniter\CodeIgniter->handleRequest(null, Object(Config\Cache), false)
10 SYSTEMPATH\Boot.php(334): CodeIgniter\CodeIgniter->run()
11 SYSTEMPATH\Boot.php(67): CodeIgniter\Boot::runCodeIgniter(Object(CodeIgniter\CodeIgniter))
12 FCPATH\index.php(59): CodeIgniter\Boot::bootWeb(Object(Config\Paths))
13 SYSTEMPATH\rewrite.php(44): require_once('E:\\finalVersion\\backend\\public\\index.php')
CRITICAL - 2026-01-06 11:25:39 --> [Caused by] CodeIgniter\Database\Exceptions\DatabaseException: Unknown column 'captcha_id' in 'field list'
in SYSTEMPATH\Database\MySQLi\Connection.php on line 332.
 1 SYSTEMPATH\Database\BaseConnection.php(738): CodeIgniter\Database\MySQLi\Connection->execute('INSERT INTO `captchas` (`captcha_id`, `text`, `ip_address`, `created_at`, `expires_at`) VALUES (\'cap_695cf133503149.60358269\', \'IYMZG\', \'::1\', \'2026-01-06 11:25:39\', \'2026-01-06 11:30:39\')')
 2 SYSTEMPATH\Database\BaseConnection.php(652): CodeIgniter\Database\BaseConnection->simpleQuery('INSERT INTO `captchas` (`captcha_id`, `text`, `ip_address`, `created_at`, `expires_at`) VALUES (\'cap_695cf133503149.60358269\', \'IYMZG\', \'::1\', \'2026-01-06 11:25:39\', \'2026-01-06 11:30:39\')')
 3 SYSTEMPATH\Database\BaseBuilder.php(2345): CodeIgniter\Database\BaseConnection->query('INSERT INTO `captchas` (`captcha_id`, `text`, `ip_address`, `created_at`, `expires_at`) VALUES (:captcha_id:, :text:, :ip_address:, :created_at:, :expires_at:)', [...], false)
 4 SYSTEMPATH\Model.php(394): CodeIgniter\Database\BaseBuilder->insert()
 5 SYSTEMPATH\BaseModel.php(843): CodeIgniter\Model->doInsert([...])
 6 SYSTEMPATH\Model.php(800): CodeIgniter\BaseModel->insert([...], true)
 7 APPPATH\Libraries\Utils.php(423): CodeIgniter\Model->insert([...])
 8 APPPATH\Controllers\Api\Admin.php(87): App\Libraries\Utils::generateCaptcha()
 9 SYSTEMPATH\CodeIgniter.php(933): App\Controllers\Api\Admin->captcha()
10 SYSTEMPATH\CodeIgniter.php(507): CodeIgniter\CodeIgniter->runController(Object(App\Controllers\Api\Admin))
11 SYSTEMPATH\CodeIgniter.php(354): CodeIgniter\CodeIgniter->handleRequest(null, Object(Config\Cache), false)
12 SYSTEMPATH\Boot.php(334): CodeIgniter\CodeIgniter->run()
13 SYSTEMPATH\Boot.php(67): CodeIgniter\Boot::runCodeIgniter(Object(CodeIgniter\CodeIgniter))
14 FCPATH\index.php(59): CodeIgniter\Boot::bootWeb(Object(Config\Paths))
15 SYSTEMPATH\rewrite.php(44): require_once('E:\\finalVersion\\backend\\public\\index.php')
CRITICAL - 2026-01-06 11:25:39 --> [Caused by] mysqli_sql_exception: Unknown column 'captcha_id' in 'field list'
in SYSTEMPATH\Database\MySQLi\Connection.php on line 327.
 1 SYSTEMPATH\Database\MySQLi\Connection.php(327): mysqli->query('INSERT INTO `captchas` (`captcha_id`, `text`, `ip_address`, `created_at`, `expires_at`) VALUES (\'cap_695cf133503149.60358269\', \'IYMZG\', \'::1\', \'2026-01-06 11:25:39\', \'2026-01-06 11:30:39\')', 0)
 2 SYSTEMPATH\Database\BaseConnection.php(738): CodeIgniter\Database\MySQLi\Connection->execute('INSERT INTO `captchas` (`captcha_id`, `text`, `ip_address`, `created_at`, `expires_at`) VALUES (\'cap_695cf133503149.60358269\', \'IYMZG\', \'::1\', \'2026-01-06 11:25:39\', \'2026-01-06 11:30:39\')')
 3 SYSTEMPATH\Database\BaseConnection.php(652): CodeIgniter\Database\BaseConnection->simpleQuery('INSERT INTO `captchas` (`captcha_id`, `text`, `ip_address`, `created_at`, `expires_at`) VALUES (\'cap_695cf133503149.60358269\', \'IYMZG\', \'::1\', \'2026-01-06 11:25:39\', \'2026-01-06 11:30:39\')')
 4 SYSTEMPATH\Database\BaseBuilder.php(2345): CodeIgniter\Database\BaseConnection->query('INSERT INTO `captchas` (`captcha_id`, `text`, `ip_address`, `created_at`, `expires_at`) VALUES (:captcha_id:, :text:, :ip_address:, :created_at:, :expires_at:)', [...], false)
 5 SYSTEMPATH\Model.php(394): CodeIgniter\Database\BaseBuilder->insert()
 6 SYSTEMPATH\BaseModel.php(843): CodeIgniter\Model->doInsert([...])
 7 SYSTEMPATH\Model.php(800): CodeIgniter\BaseModel->insert([...], true)
 8 APPPATH\Libraries\Utils.php(423): CodeIgniter\Model->insert([...])
 9 APPPATH\Controllers\Api\Admin.php(87): App\Libraries\Utils::generateCaptcha()
10 SYSTEMPATH\CodeIgniter.php(933): App\Controllers\Api\Admin->captcha()
11 SYSTEMPATH\CodeIgniter.php(507): CodeIgniter\CodeIgniter->runController(Object(App\Controllers\Api\Admin))
12 SYSTEMPATH\CodeIgniter.php(354): CodeIgniter\CodeIgniter->handleRequest(null, Object(Config\Cache), false)
13 SYSTEMPATH\Boot.php(334): CodeIgniter\CodeIgniter->run()
14 SYSTEMPATH\Boot.php(67): CodeIgniter\Boot::runCodeIgniter(Object(CodeIgniter\CodeIgniter))
15 FCPATH\index.php(59): CodeIgniter\Boot::bootWeb(Object(Config\Paths))
16 SYSTEMPATH\rewrite.php(44): require_once('E:\\finalVersion\\backend\\public\\index.php')
ERROR - 2026-01-06 11:25:52 --> mysqli_sql_exception: Unknown column 'captcha_id' in 'field list' in E:\finalVersion\backend\system\Database\MySQLi\Connection.php:327
Stack trace:
#0 E:\finalVersion\backend\system\Database\MySQLi\Connection.php(327): mysqli->query('INSERT INTO `ca...', 0)
#1 E:\finalVersion\backend\system\Database\BaseConnection.php(738): CodeIgniter\Database\MySQLi\Connection->execute('INSERT INTO `ca...')
#2 E:\finalVersion\backend\system\Database\BaseConnection.php(652): CodeIgniter\Database\BaseConnection->simpleQuery('INSERT INTO `ca...')
#3 E:\finalVersion\backend\system\Database\BaseBuilder.php(2345): CodeIgniter\Database\BaseConnection->query('INSERT INTO `ca...', Array, false)
#4 E:\finalVersion\backend\system\Model.php(394): CodeIgniter\Database\BaseBuilder->insert()
#5 E:\finalVersion\backend\system\BaseModel.php(843): CodeIgniter\Model->doInsert(Array)
#6 E:\finalVersion\backend\system\Model.php(800): CodeIgniter\BaseModel->insert(Array, true)
#7 E:\finalVersion\backend\app\Libraries\Utils.php(423): CodeIgniter\Model->insert(Array)
#8 E:\finalVersion\backend\app\Controllers\Api\Admin.php(87): App\Libraries\Utils::generateCaptcha()
#9 E:\finalVersion\backend\system\CodeIgniter.php(933): App\Controllers\Api\Admin->captcha()
#10 E:\finalVersion\backend\system\CodeIgniter.php(507): CodeIgniter\CodeIgniter->runController(Object(App\Controllers\Api\Admin))
#11 E:\finalVersion\backend\system\CodeIgniter.php(354): CodeIgniter\CodeIgniter->handleRequest(NULL, Object(Config\Cache), false)
#12 E:\finalVersion\backend\system\Boot.php(334): CodeIgniter\CodeIgniter->run()
#13 E:\finalVersion\backend\system\Boot.php(67): CodeIgniter\Boot::runCodeIgniter(Object(CodeIgniter\CodeIgniter))
#14 E:\finalVersion\backend\public\index.php(59): CodeIgniter\Boot::bootWeb(Object(Config\Paths))
#15 E:\finalVersion\backend\system\rewrite.php(44): require_once('E:\\finalVersion...')
#16 {main}
CRITICAL - 2026-01-06 11:25:52 --> CodeIgniter\Database\Exceptions\DatabaseException: Unknown column 'captcha_id' in 'field list'
[Method: GET, Route: api/admin/captcha]
in SYSTEMPATH\Database\BaseConnection.php on line 692.
 1 SYSTEMPATH\Database\BaseBuilder.php(2345): CodeIgniter\Database\BaseConnection->query('INSERT INTO `captchas` (`captcha_id`, `text`, `ip_address`, `created_at`, `expires_at`) VALUES (:captcha_id:, :text:, :ip_address:, :created_at:, :expires_at:)', [...], false)
 2 SYSTEMPATH\Model.php(394): CodeIgniter\Database\BaseBuilder->insert()
 3 SYSTEMPATH\BaseModel.php(843): CodeIgniter\Model->doInsert([...])
 4 SYSTEMPATH\Model.php(800): CodeIgniter\BaseModel->insert([...], true)
 5 APPPATH\Libraries\Utils.php(423): CodeIgniter\Model->insert([...])
 6 APPPATH\Controllers\Api\Admin.php(87): App\Libraries\Utils::generateCaptcha()
 7 SYSTEMPATH\CodeIgniter.php(933): App\Controllers\Api\Admin->captcha()
 8 SYSTEMPATH\CodeIgniter.php(507): CodeIgniter\CodeIgniter->runController(Object(App\Controllers\Api\Admin))
 9 SYSTEMPATH\CodeIgniter.php(354): CodeIgniter\CodeIgniter->handleRequest(null, Object(Config\Cache), false)
10 SYSTEMPATH\Boot.php(334): CodeIgniter\CodeIgniter->run()
11 SYSTEMPATH\Boot.php(67): CodeIgniter\Boot::runCodeIgniter(Object(CodeIgniter\CodeIgniter))
12 FCPATH\index.php(59): CodeIgniter\Boot::bootWeb(Object(Config\Paths))
13 SYSTEMPATH\rewrite.php(44): require_once('E:\\finalVersion\\backend\\public\\index.php')
CRITICAL - 2026-01-06 11:25:52 --> [Caused by] CodeIgniter\Database\Exceptions\DatabaseException: Unknown column 'captcha_id' in 'field list'
in SYSTEMPATH\Database\MySQLi\Connection.php on line 332.
 1 SYSTEMPATH\Database\BaseConnection.php(738): CodeIgniter\Database\MySQLi\Connection->execute('INSERT INTO `captchas` (`captcha_id`, `text`, `ip_address`, `created_at`, `expires_at`) VALUES (\'cap_695cf140a9a014.85625184\', \'X591Y\', \'::1\', \'2026-01-06 11:25:52\', \'2026-01-06 11:30:52\')')
 2 SYSTEMPATH\Database\BaseConnection.php(652): CodeIgniter\Database\BaseConnection->simpleQuery('INSERT INTO `captchas` (`captcha_id`, `text`, `ip_address`, `created_at`, `expires_at`) VALUES (\'cap_695cf140a9a014.85625184\', \'X591Y\', \'::1\', \'2026-01-06 11:25:52\', \'2026-01-06 11:30:52\')')
 3 SYSTEMPATH\Database\BaseBuilder.php(2345): CodeIgniter\Database\BaseConnection->query('INSERT INTO `captchas` (`captcha_id`, `text`, `ip_address`, `created_at`, `expires_at`) VALUES (:captcha_id:, :text:, :ip_address:, :created_at:, :expires_at:)', [...], false)
 4 SYSTEMPATH\Model.php(394): CodeIgniter\Database\BaseBuilder->insert()
 5 SYSTEMPATH\BaseModel.php(843): CodeIgniter\Model->doInsert([...])
 6 SYSTEMPATH\Model.php(800): CodeIgniter\BaseModel->insert([...], true)
 7 APPPATH\Libraries\Utils.php(423): CodeIgniter\Model->insert([...])
 8 APPPATH\Controllers\Api\Admin.php(87): App\Libraries\Utils::generateCaptcha()
 9 SYSTEMPATH\CodeIgniter.php(933): App\Controllers\Api\Admin->captcha()
10 SYSTEMPATH\CodeIgniter.php(507): CodeIgniter\CodeIgniter->runController(Object(App\Controllers\Api\Admin))
11 SYSTEMPATH\CodeIgniter.php(354): CodeIgniter\CodeIgniter->handleRequest(null, Object(Config\Cache), false)
12 SYSTEMPATH\Boot.php(334): CodeIgniter\CodeIgniter->run()
13 SYSTEMPATH\Boot.php(67): CodeIgniter\Boot::runCodeIgniter(Object(CodeIgniter\CodeIgniter))
14 FCPATH\index.php(59): CodeIgniter\Boot::bootWeb(Object(Config\Paths))
15 SYSTEMPATH\rewrite.php(44): require_once('E:\\finalVersion\\backend\\public\\index.php')
CRITICAL - 2026-01-06 11:25:52 --> [Caused by] mysqli_sql_exception: Unknown column 'captcha_id' in 'field list'
in SYSTEMPATH\Database\MySQLi\Connection.php on line 327.
 1 SYSTEMPATH\Database\MySQLi\Connection.php(327): mysqli->query('INSERT INTO `captchas` (`captcha_id`, `text`, `ip_address`, `created_at`, `expires_at`) VALUES (\'cap_695cf140a9a014.85625184\', \'X591Y\', \'::1\', \'2026-01-06 11:25:52\', \'2026-01-06 11:30:52\')', 0)
 2 SYSTEMPATH\Database\BaseConnection.php(738): CodeIgniter\Database\MySQLi\Connection->execute('INSERT INTO `captchas` (`captcha_id`, `text`, `ip_address`, `created_at`, `expires_at`) VALUES (\'cap_695cf140a9a014.85625184\', \'X591Y\', \'::1\', \'2026-01-06 11:25:52\', \'2026-01-06 11:30:52\')')
 3 SYSTEMPATH\Database\BaseConnection.php(652): CodeIgniter\Database\BaseConnection->simpleQuery('INSERT INTO `captchas` (`captcha_id`, `text`, `ip_address`, `created_at`, `expires_at`) VALUES (\'cap_695cf140a9a014.85625184\', \'X591Y\', \'::1\', \'2026-01-06 11:25:52\', \'2026-01-06 11:30:52\')')
 4 SYSTEMPATH\Database\BaseBuilder.php(2345): CodeIgniter\Database\BaseConnection->query('INSERT INTO `captchas` (`captcha_id`, `text`, `ip_address`, `created_at`, `expires_at`) VALUES (:captcha_id:, :text:, :ip_address:, :created_at:, :expires_at:)', [...], false)
 5 SYSTEMPATH\Model.php(394): CodeIgniter\Database\BaseBuilder->insert()
 6 SYSTEMPATH\BaseModel.php(843): CodeIgniter\Model->doInsert([...])
 7 SYSTEMPATH\Model.php(800): CodeIgniter\BaseModel->insert([...], true)
 8 APPPATH\Libraries\Utils.php(423): CodeIgniter\Model->insert([...])
 9 APPPATH\Controllers\Api\Admin.php(87): App\Libraries\Utils::generateCaptcha()
10 SYSTEMPATH\CodeIgniter.php(933): App\Controllers\Api\Admin->captcha()
11 SYSTEMPATH\CodeIgniter.php(507): CodeIgniter\CodeIgniter->runController(Object(App\Controllers\Api\Admin))
12 SYSTEMPATH\CodeIgniter.php(354): CodeIgniter\CodeIgniter->handleRequest(null, Object(Config\Cache), false)
13 SYSTEMPATH\Boot.php(334): CodeIgniter\CodeIgniter->run()
14 SYSTEMPATH\Boot.php(67): CodeIgniter\Boot::runCodeIgniter(Object(CodeIgniter\CodeIgniter))
15 FCPATH\index.php(59): CodeIgniter\Boot::bootWeb(Object(Config\Paths))
16 SYSTEMPATH\rewrite.php(44): require_once('E:\\finalVersion\\backend\\public\\index.php')
ERROR - 2026-01-06 11:42:26 --> Failed to insert enquiry: Array
(
)

ERROR - 2026-01-06 11:42:50 --> Failed to insert enquiry: Array
(
)

ERROR - 2026-01-06 11:44:38 --> Failed to insert enquiry: Array
(
)

ERROR - 2026-01-06 11:45:15 --> Failed to insert enquiry: Array
(
)

CRITICAL - 2026-01-06 11:45:15 --> ErrorException: Array to string conversion
[Method: POST, Route: api/enquiries]
in APPPATH\Controllers\Api\Enquiries.php on line 79.
 1 APPPATH\Controllers\Api\Enquiries.php(79): CodeIgniter\Debug\Exceptions->errorHandler(2, 'Array to string conversion', 'E:\\finalVersion\\backend\\app\\Controllers\\Api\\Enquiries.php', 79)
 2 SYSTEMPATH\CodeIgniter.php(933): App\Controllers\Api\Enquiries->store()
 3 SYSTEMPATH\CodeIgniter.php(507): CodeIgniter\CodeIgniter->runController(Object(App\Controllers\Api\Enquiries))
 4 SYSTEMPATH\CodeIgniter.php(354): CodeIgniter\CodeIgniter->handleRequest(null, Object(Config\Cache), false)
 5 SYSTEMPATH\Boot.php(334): CodeIgniter\CodeIgniter->run()
 6 SYSTEMPATH\Boot.php(67): CodeIgniter\Boot::runCodeIgniter(Object(CodeIgniter\CodeIgniter))
 7 FCPATH\index.php(59): CodeIgniter\Boot::bootWeb(Object(Config\Paths))
 8 SYSTEMPATH\rewrite.php(44): require_once('E:\\finalVersion\\backend\\public\\index.php')
ERROR - 2026-01-06 11:45:29 --> Failed to insert enquiry: Array
(
)

CRITICAL - 2026-01-06 11:45:29 --> ErrorException: Array to string conversion
[Method: POST, Route: api/enquiries]
in APPPATH\Controllers\Api\Enquiries.php on line 81.
 1 APPPATH\Controllers\Api\Enquiries.php(81): CodeIgniter\Debug\Exceptions->errorHandler(2, 'Array to string conversion', 'E:\\finalVersion\\backend\\app\\Controllers\\Api\\Enquiries.php', 81)
 2 SYSTEMPATH\CodeIgniter.php(933): App\Controllers\Api\Enquiries->store()
 3 SYSTEMPATH\CodeIgniter.php(507): CodeIgniter\CodeIgniter->runController(Object(App\Controllers\Api\Enquiries))
 4 SYSTEMPATH\CodeIgniter.php(354): CodeIgniter\CodeIgniter->handleRequest(null, Object(Config\Cache), false)
 5 SYSTEMPATH\Boot.php(334): CodeIgniter\CodeIgniter->run()
 6 SYSTEMPATH\Boot.php(67): CodeIgniter\Boot::runCodeIgniter(Object(CodeIgniter\CodeIgniter))
 7 FCPATH\index.php(59): CodeIgniter\Boot::bootWeb(Object(Config\Paths))
 8 SYSTEMPATH\rewrite.php(44): require_once('E:\\finalVersion\\backend\\public\\index.php')
