ERROR - 2025-10-05 08:37:52 --> Error connecting to the database: mysqli_sql_exception: No connection could be made because the target machine actively refused it in E:\finalVersion\backend\system\Database\MySQLi\Connection.php:202
Stack trace:
#0 E:\finalVersion\backend\system\Database\MySQLi\Connection.php(202): mysqli->real_connect('localhost', 'root', '', 'rsphotography', 3306, '', 0)
#1 E:\finalVersion\backend\system\Database\BaseConnection.php(421): CodeIgniter\Database\MySQLi\Connection->connect(false)
#2 E:\finalVersion\backend\system\Database\BaseConnection.php(620): CodeIgniter\Database\BaseConnection->initialize()
#3 E:\finalVersion\backend\system\Database\BaseBuilder.php(1733): CodeIgniter\Database\BaseConnection->query('SELECT COUNT(*)...', Array, false)
#4 E:\finalVersion\backend\system\Model.php(676): CodeIgniter\Database\BaseBuilder->countAllResults(false)
#5 E:\finalVersion\backend\app\Controllers\Api\Albums.php(41): CodeIgniter\Model->countAllResults(false)
#6 E:\finalVersion\backend\system\CodeIgniter.php(933): App\Controllers\Api\Albums->index()
#7 E:\finalVersion\backend\system\CodeIgniter.php(507): CodeIgniter\CodeIgniter->runController(Object(App\Controllers\Api\Albums))
#8 E:\finalVersion\backend\system\CodeIgniter.php(354): CodeIgniter\CodeIgniter->handleRequest(NULL, Object(Config\Cache), false)
#9 E:\finalVersion\backend\system\Boot.php(334): CodeIgniter\CodeIgniter->run()
#10 E:\finalVersion\backend\system\Boot.php(67): CodeIgniter\Boot::runCodeIgniter(Object(CodeIgniter\CodeIgniter))
#11 E:\finalVersion\backend\public\index.php(59): CodeIgniter\Boot::bootWeb(Object(Config\Paths))
#12 E:\finalVersion\backend\system\rewrite.php(44): require_once('E:\\finalVersion...')
#13 {main}

Next CodeIgniter\Database\Exceptions\DatabaseException: No connection could be made because the target machine actively refused it in E:\finalVersion\backend\system\Database\MySQLi\Connection.php:246
Stack trace:
#0 E:\finalVersion\backend\system\Database\BaseConnection.php(421): CodeIgniter\Database\MySQLi\Connection->connect(false)
#1 E:\finalVersion\backend\system\Database\BaseConnection.php(620): CodeIgniter\Database\BaseConnection->initialize()
#2 E:\finalVersion\backend\system\Database\BaseBuilder.php(1733): CodeIgniter\Database\BaseConnection->query('SELECT COUNT(*)...', Array, false)
#3 E:\finalVersion\backend\system\Model.php(676): CodeIgniter\Database\BaseBuilder->countAllResults(false)
#4 E:\finalVersion\backend\app\Controllers\Api\Albums.php(41): CodeIgniter\Model->countAllResults(false)
#5 E:\finalVersion\backend\system\CodeIgniter.php(933): App\Controllers\Api\Albums->index()
#6 E:\finalVersion\backend\system\CodeIgniter.php(507): CodeIgniter\CodeIgniter->runController(Object(App\Controllers\Api\Albums))
#7 E:\finalVersion\backend\system\CodeIgniter.php(354): CodeIgniter\CodeIgniter->handleRequest(NULL, Object(Config\Cache), false)
#8 E:\finalVersion\backend\system\Boot.php(334): CodeIgniter\CodeIgniter->run()
#9 E:\finalVersion\backend\system\Boot.php(67): CodeIgniter\Boot::runCodeIgniter(Object(CodeIgniter\CodeIgniter))
#10 E:\finalVersion\backend\public\index.php(59): CodeIgniter\Boot::bootWeb(Object(Config\Paths))
#11 E:\finalVersion\backend\system\rewrite.php(44): require_once('E:\\finalVersion...')
#12 {main}
CRITICAL - 2025-10-05 08:37:52 --> CodeIgniter\Database\Exceptions\DatabaseException: Unable to connect to the database.
Main connection [MySQLi]: No connection could be made because the target machine actively refused it
[Method: GET, Route: api/albums]
in SYSTEMPATH\Database\BaseConnection.php on line 467.
 1 SYSTEMPATH\Database\BaseConnection.php(620): CodeIgniter\Database\BaseConnection->initialize()
 2 SYSTEMPATH\Database\BaseBuilder.php(1733): CodeIgniter\Database\BaseConnection->query('SELECT COUNT(*) AS `numrows`
FROM `albums`', [], false)
 3 SYSTEMPATH\Model.php(676): CodeIgniter\Database\BaseBuilder->countAllResults(false)
 4 APPPATH\Controllers\Api\Albums.php(41): CodeIgniter\Model->countAllResults(false)
 5 SYSTEMPATH\CodeIgniter.php(933): App\Controllers\Api\Albums->index()
 6 SYSTEMPATH\CodeIgniter.php(507): CodeIgniter\CodeIgniter->runController(Object(App\Controllers\Api\Albums))
 7 SYSTEMPATH\CodeIgniter.php(354): CodeIgniter\CodeIgniter->handleRequest(null, Object(Config\Cache), false)
 8 SYSTEMPATH\Boot.php(334): CodeIgniter\CodeIgniter->run()
 9 SYSTEMPATH\Boot.php(67): CodeIgniter\Boot::runCodeIgniter(Object(CodeIgniter\CodeIgniter))
10 FCPATH\index.php(59): CodeIgniter\Boot::bootWeb(Object(Config\Paths))
11 SYSTEMPATH\rewrite.php(44): require_once('E:\\finalVersion\\backend\\public\\index.php')
CRITICAL - 2025-10-05 19:27:25 --> Error: Class "App\Models\ImageModel" not found
[Method: GET, Route: api/user/albums/4/images]
in APPPATH\Controllers\AlbumsController.php on line 21.
 1 SYSTEMPATH\CodeIgniter.php(903): App\Controllers\AlbumsController->__construct()
 2 SYSTEMPATH\CodeIgniter.php(498): CodeIgniter\CodeIgniter->createController()
 3 SYSTEMPATH\CodeIgniter.php(354): CodeIgniter\CodeIgniter->handleRequest(null, Object(Config\Cache), false)
 4 SYSTEMPATH\Boot.php(334): CodeIgniter\CodeIgniter->run()
 5 SYSTEMPATH\Boot.php(67): CodeIgniter\Boot::runCodeIgniter(Object(CodeIgniter\CodeIgniter))
 6 FCPATH\index.php(59): CodeIgniter\Boot::bootWeb(Object(Config\Paths))
 7 SYSTEMPATH\rewrite.php(44): require_once('E:\\finalVersion\\backend\\public\\index.php')
ERROR - 2025-10-05 20:22:10 --> Token validation failed: Token not provided. AlbumID: 4
ERROR - 2025-10-05 20:22:10 --> Access denied: Token invalid or expired. AlbumID: 4, Token: 
ERROR - 2025-10-05 20:22:10 --> Token validation failed: Token not provided. AlbumID: 4
ERROR - 2025-10-05 20:22:10 --> Access denied: Token invalid or expired. AlbumID: 4, Token: 
ERROR - 2025-10-05 20:24:05 --> Token validation failed: Token not provided. AlbumID: 4
ERROR - 2025-10-05 20:24:05 --> Access denied: Token invalid or expired. AlbumID: 4, Token: 
ERROR - 2025-10-05 20:24:08 --> Token validation failed: Token not provided. AlbumID: 4
ERROR - 2025-10-05 20:24:08 --> Access denied: Token invalid or expired. AlbumID: 4, Token: 
ERROR - 2025-10-05 20:24:49 --> Token validation failed: Token not provided. AlbumID: 4
ERROR - 2025-10-05 20:24:49 --> Access denied: Token invalid or expired. AlbumID: 4, Token: 
ERROR - 2025-10-05 20:24:50 --> Token validation failed: Token not provided. AlbumID: 4
ERROR - 2025-10-05 20:24:50 --> Access denied: Token invalid or expired. AlbumID: 4, Token: 
ERROR - 2025-10-05 20:24:50 --> Token validation failed: Token not found in database. AlbumID: 4, Token: c678c90bbd7a99ac39977720254eba35fbcbefb0ba104854
ERROR - 2025-10-05 20:24:50 --> Access denied: Token invalid or expired. AlbumID: 4, Token: c678c90bbd7a99ac39977720254eba35fbcbefb0ba104854
ERROR - 2025-10-05 20:27:25 --> Token validation failed: Token not provided. AlbumID: 3
ERROR - 2025-10-05 20:27:25 --> Access denied: Token invalid or expired. AlbumID: 3, Token: 
ERROR - 2025-10-05 20:29:41 --> Token validation failed: Token not provided. AlbumID: 4
ERROR - 2025-10-05 20:29:41 --> Access denied: Token invalid. AlbumID: 4, Token: 
ERROR - 2025-10-05 20:29:41 --> Token validation failed: Token not provided. AlbumID: 4
ERROR - 2025-10-05 20:29:41 --> Access denied: Token invalid. AlbumID: 4, Token: 
ERROR - 2025-10-05 20:29:42 --> Token validation failed: Token not found in database. AlbumID: 4, Token: c678c90bbd7a99ac39977720254eba35fbcbefb0ba104854
ERROR - 2025-10-05 20:29:42 --> Access denied: Token invalid. AlbumID: 4, Token: c678c90bbd7a99ac39977720254eba35fbcbefb0ba104854
ERROR - 2025-10-05 20:39:23 --> Token validation failed: Token not provided. AlbumID: 4
ERROR - 2025-10-05 20:39:23 --> Access denied: Token invalid or expired. AlbumID: 4, Token: 
ERROR - 2025-10-05 20:39:23 --> Token validation failed: Token not provided. AlbumID: 4
ERROR - 2025-10-05 20:39:23 --> Access denied: Token invalid or expired. AlbumID: 4, Token: 
ERROR - 2025-10-05 20:39:23 --> Token validation failed: Token not found in database. AlbumID: 4, Token: c678c90bbd7a99ac39977720254eba35fbcbefb0ba104854
ERROR - 2025-10-05 20:39:23 --> Access denied: Token invalid or expired. AlbumID: 4, Token: c678c90bbd7a99ac39977720254eba35fbcbefb0ba104854
ERROR - 2025-10-05 20:42:05 --> Token validation failed: Token not found in database. AlbumID: 4, Token: c678c90bbd7a99ac39977720254eba35fbcbefb0ba104854
ERROR - 2025-10-05 20:42:05 --> Access denied: Token invalid or expired. AlbumID: 4, Token: c678c90bbd7a99ac39977720254eba35fbcbefb0ba104854
ERROR - 2025-10-05 20:42:22 --> Token validation failed: Token not provided. AlbumID: 4
ERROR - 2025-10-05 20:42:22 --> Access denied: Token invalid or expired. AlbumID: 4, Token: 
ERROR - 2025-10-05 20:42:23 --> Token validation failed: Token not provided. AlbumID: 4
ERROR - 2025-10-05 20:42:23 --> Access denied: Token invalid or expired. AlbumID: 4, Token: 
ERROR - 2025-10-05 20:42:41 --> Token validation failed: Token not provided. AlbumID: 4
ERROR - 2025-10-05 20:42:41 --> Access denied: Token invalid or expired. AlbumID: 4, Token: 
ERROR - 2025-10-05 20:42:41 --> Token validation failed: Token not provided. AlbumID: 4
ERROR - 2025-10-05 20:42:41 --> Access denied: Token invalid or expired. AlbumID: 4, Token: 
ERROR - 2025-10-05 20:46:34 --> Token validation failed: Token not provided. AlbumID: 4
ERROR - 2025-10-05 20:46:34 --> Access denied: Token invalid or expired. AlbumID: 4, Token: 
ERROR - 2025-10-05 20:46:34 --> Token validation failed: Token not provided. AlbumID: 4
ERROR - 2025-10-05 20:46:34 --> Access denied: Token invalid or expired. AlbumID: 4, Token: 
ERROR - 2025-10-05 20:46:48 --> Token validation failed: Token not provided. AlbumID: 4
ERROR - 2025-10-05 20:46:48 --> Access denied: Token invalid or expired. AlbumID: 4, Token: 
ERROR - 2025-10-05 20:46:49 --> Token validation failed: Token not provided. AlbumID: 4
ERROR - 2025-10-05 20:46:49 --> Access denied: Token invalid or expired. AlbumID: 4, Token: 
ERROR - 2025-10-05 20:47:38 --> Token validation failed: Token not provided. AlbumID: 4
ERROR - 2025-10-05 20:47:38 --> Access denied: Token invalid or expired. AlbumID: 4, Token: 
ERROR - 2025-10-05 20:47:38 --> Token validation failed: Token not provided. AlbumID: 4
ERROR - 2025-10-05 20:47:38 --> Access denied: Token invalid or expired. AlbumID: 4, Token: 
ERROR - 2025-10-05 20:48:41 --> Token validation failed: Token not provided. AlbumID: 4
ERROR - 2025-10-05 20:48:41 --> Access denied: Token invalid or expired. AlbumID: 4, Token: 
ERROR - 2025-10-05 20:57:07 --> Token validation failed: Token not provided. AlbumID: 4
ERROR - 2025-10-05 20:57:07 --> Access denied: Token invalid or expired. AlbumID: 4, Token: 
ERROR - 2025-10-05 20:57:07 --> Token validation failed: Token not provided. AlbumID: 4
ERROR - 2025-10-05 20:57:07 --> Access denied: Token invalid or expired. AlbumID: 4, Token: 
ERROR - 2025-10-05 20:57:32 --> Token validation failed: Token not provided. AlbumID: 4
ERROR - 2025-10-05 20:57:32 --> Access denied: Token invalid or expired. AlbumID: 4, Token: 
ERROR - 2025-10-05 20:57:35 --> Token validation failed: Token not provided. AlbumID: 4
ERROR - 2025-10-05 20:57:35 --> Access denied: Token invalid or expired. AlbumID: 4, Token: 
ERROR - 2025-10-05 20:57:36 --> Token validation failed: Token not provided. AlbumID: 4
ERROR - 2025-10-05 20:57:36 --> Access denied: Token invalid or expired. AlbumID: 4, Token: 
ERROR - 2025-10-05 20:57:40 --> Token validation failed: Token not provided. AlbumID: 4
ERROR - 2025-10-05 20:57:40 --> Access denied: Token invalid or expired. AlbumID: 4, Token: 
ERROR - 2025-10-05 20:57:41 --> Token validation failed: Token not provided. AlbumID: 4
ERROR - 2025-10-05 20:57:41 --> Access denied: Token invalid or expired. AlbumID: 4, Token: 
ERROR - 2025-10-05 21:00:53 --> Token validation failed: Token not provided. AlbumID: 4
ERROR - 2025-10-05 21:00:53 --> Access denied: Token invalid or expired. AlbumID: 4, Token: 
ERROR - 2025-10-05 21:00:54 --> Token validation failed: Token not provided. AlbumID: 4
ERROR - 2025-10-05 21:00:54 --> Access denied: Token invalid or expired. AlbumID: 4, Token: 
