ERROR - 2025-10-14 11:21:07 --> Error connecting to the database: mysqli_sql_exception: No connection could be made because the target machine actively refused it in E:\finalVersion\backend\system\Database\MySQLi\Connection.php:202
Stack trace:
#0 E:\finalVersion\backend\system\Database\MySQLi\Connection.php(202): mysqli->real_connect('localhost', 'root', '', 'rsphotography', 3306, '', 0)
#1 E:\finalVersion\backend\system\Database\BaseConnection.php(421): CodeIgniter\Database\MySQLi\Connection->connect(false)
#2 E:\finalVersion\backend\system\Database\BaseConnection.php(620): CodeIgniter\Database\BaseConnection->initialize()
#3 E:\finalVersion\backend\system\Database\BaseBuilder.php(1733): CodeIgniter\Database\BaseConnection->query('SELECT COUNT(*)...', Array, false)
#4 E:\finalVersion\backend\system\Model.php(676): CodeIgniter\Database\BaseBuilder->countAllResults(false)
#5 E:\finalVersion\backend\app\Controllers\Api\Albums.php(39): CodeIgniter\Model->countAllResults(false)
#6 E:\finalVersion\backend\system\CodeIgniter.php(933): App\Controllers\Api\Albums->index()
#7 E:\finalVersion\backend\system\CodeIgniter.php(507): CodeIgniter\CodeIgniter->runController(Object(App\Controllers\Api\Albums))
#8 E:\finalVersion\backend\system\CodeIgniter.php(354): CodeIgniter\CodeIgniter->handleRequest(NULL, Object(Config\Cache), false)
#9 E:\finalVersion\backend\system\Boot.php(334): CodeIgniter\CodeIgniter->run()
#10 E:\finalVersion\backend\system\Boot.php(67): CodeIgniter\Boot::runCodeIgniter(Object(CodeIgniter\CodeIgniter))
#11 E:\finalVersion\backend\public\index.php(59): CodeIgniter\Boot::bootWeb(Object(Config\Paths))
#12 E:\finalVersion\backend\system\rewrite.php(44): require_once('E:\\finalVersion...')
#13 {main}

Next CodeIgniter\Database\Exceptions\DatabaseException: No connection could be made because the target machine actively refused it in E:\finalVersion\backend\system\Database\MySQLi\Connection.php:246
Stack trace:
#0 E:\finalVersion\backend\system\Database\BaseConnection.php(421): CodeIgniter\Database\MySQLi\Connection->connect(false)
#1 E:\finalVersion\backend\system\Database\BaseConnection.php(620): CodeIgniter\Database\BaseConnection->initialize()
#2 E:\finalVersion\backend\system\Database\BaseBuilder.php(1733): CodeIgniter\Database\BaseConnection->query('SELECT COUNT(*)...', Array, false)
#3 E:\finalVersion\backend\system\Model.php(676): CodeIgniter\Database\BaseBuilder->countAllResults(false)
#4 E:\finalVersion\backend\app\Controllers\Api\Albums.php(39): CodeIgniter\Model->countAllResults(false)
#5 E:\finalVersion\backend\system\CodeIgniter.php(933): App\Controllers\Api\Albums->index()
#6 E:\finalVersion\backend\system\CodeIgniter.php(507): CodeIgniter\CodeIgniter->runController(Object(App\Controllers\Api\Albums))
#7 E:\finalVersion\backend\system\CodeIgniter.php(354): CodeIgniter\CodeIgniter->handleRequest(NULL, Object(Config\Cache), false)
#8 E:\finalVersion\backend\system\Boot.php(334): CodeIgniter\CodeIgniter->run()
#9 E:\finalVersion\backend\system\Boot.php(67): CodeIgniter\Boot::runCodeIgniter(Object(CodeIgniter\CodeIgniter))
#10 E:\finalVersion\backend\public\index.php(59): CodeIgniter\Boot::bootWeb(Object(Config\Paths))
#11 E:\finalVersion\backend\system\rewrite.php(44): require_once('E:\\finalVersion...')
#12 {main}
CRITICAL - 2025-10-14 11:21:07 --> CodeIgniter\Database\Exceptions\DatabaseException: Unable to connect to the database.
Main connection [MySQLi]: No connection could be made because the target machine actively refused it
[Method: GET, Route: api/albums]
in SYSTEMPATH\Database\BaseConnection.php on line 467.
 1 SYSTEMPATH\Database\BaseConnection.php(620): CodeIgniter\Database\BaseConnection->initialize()
 2 SYSTEMPATH\Database\BaseBuilder.php(1733): CodeIgniter\Database\BaseConnection->query('SELECT COUNT(*) AS `numrows`
FROM `albums`', [], false)
 3 SYSTEMPATH\Model.php(676): CodeIgniter\Database\BaseBuilder->countAllResults(false)
 4 APPPATH\Controllers\Api\Albums.php(39): CodeIgniter\Model->countAllResults(false)
 5 SYSTEMPATH\CodeIgniter.php(933): App\Controllers\Api\Albums->index()
 6 SYSTEMPATH\CodeIgniter.php(507): CodeIgniter\CodeIgniter->runController(Object(App\Controllers\Api\Albums))
 7 SYSTEMPATH\CodeIgniter.php(354): CodeIgniter\CodeIgniter->handleRequest(null, Object(Config\Cache), false)
 8 SYSTEMPATH\Boot.php(334): CodeIgniter\CodeIgniter->run()
 9 SYSTEMPATH\Boot.php(67): CodeIgniter\Boot::runCodeIgniter(Object(CodeIgniter\CodeIgniter))
10 FCPATH\index.php(59): CodeIgniter\Boot::bootWeb(Object(Config\Paths))
11 SYSTEMPATH\rewrite.php(44): require_once('E:\\finalVersion\\backend\\public\\index.php')
ERROR - 2025-10-14 11:22:19 --> Error connecting to the database: mysqli_sql_exception: No connection could be made because the target machine actively refused it in E:\finalVersion\backend\system\Database\MySQLi\Connection.php:202
Stack trace:
#0 E:\finalVersion\backend\system\Database\MySQLi\Connection.php(202): mysqli->real_connect('localhost', 'root', '', 'rsphotography', 3306, '', 0)
#1 E:\finalVersion\backend\system\Database\BaseConnection.php(421): CodeIgniter\Database\MySQLi\Connection->connect(false)
#2 E:\finalVersion\backend\system\Database\BaseConnection.php(620): CodeIgniter\Database\BaseConnection->initialize()
#3 E:\finalVersion\backend\system\Database\BaseBuilder.php(1649): CodeIgniter\Database\BaseConnection->query('SELECT *\nFROM `...', Array, false)
#4 E:\finalVersion\backend\system\Model.php(330): CodeIgniter\Database\BaseBuilder->get()
#5 E:\finalVersion\backend\system\BaseModel.php(717): CodeIgniter\Model->doFirst()
#6 E:\finalVersion\backend\app\Controllers\Api\Admin.php(33): CodeIgniter\BaseModel->first()
#7 E:\finalVersion\backend\system\CodeIgniter.php(933): App\Controllers\Api\Admin->login()
#8 E:\finalVersion\backend\system\CodeIgniter.php(507): CodeIgniter\CodeIgniter->runController(Object(App\Controllers\Api\Admin))
#9 E:\finalVersion\backend\system\CodeIgniter.php(354): CodeIgniter\CodeIgniter->handleRequest(NULL, Object(Config\Cache), false)
#10 E:\finalVersion\backend\system\Boot.php(334): CodeIgniter\CodeIgniter->run()
#11 E:\finalVersion\backend\system\Boot.php(67): CodeIgniter\Boot::runCodeIgniter(Object(CodeIgniter\CodeIgniter))
#12 E:\finalVersion\backend\public\index.php(59): CodeIgniter\Boot::bootWeb(Object(Config\Paths))
#13 E:\finalVersion\backend\system\rewrite.php(44): require_once('E:\\finalVersion...')
#14 {main}

Next CodeIgniter\Database\Exceptions\DatabaseException: No connection could be made because the target machine actively refused it in E:\finalVersion\backend\system\Database\MySQLi\Connection.php:246
Stack trace:
#0 E:\finalVersion\backend\system\Database\BaseConnection.php(421): CodeIgniter\Database\MySQLi\Connection->connect(false)
#1 E:\finalVersion\backend\system\Database\BaseConnection.php(620): CodeIgniter\Database\BaseConnection->initialize()
#2 E:\finalVersion\backend\system\Database\BaseBuilder.php(1649): CodeIgniter\Database\BaseConnection->query('SELECT *\nFROM `...', Array, false)
#3 E:\finalVersion\backend\system\Model.php(330): CodeIgniter\Database\BaseBuilder->get()
#4 E:\finalVersion\backend\system\BaseModel.php(717): CodeIgniter\Model->doFirst()
#5 E:\finalVersion\backend\app\Controllers\Api\Admin.php(33): CodeIgniter\BaseModel->first()
#6 E:\finalVersion\backend\system\CodeIgniter.php(933): App\Controllers\Api\Admin->login()
#7 E:\finalVersion\backend\system\CodeIgniter.php(507): CodeIgniter\CodeIgniter->runController(Object(App\Controllers\Api\Admin))
#8 E:\finalVersion\backend\system\CodeIgniter.php(354): CodeIgniter\CodeIgniter->handleRequest(NULL, Object(Config\Cache), false)
#9 E:\finalVersion\backend\system\Boot.php(334): CodeIgniter\CodeIgniter->run()
#10 E:\finalVersion\backend\system\Boot.php(67): CodeIgniter\Boot::runCodeIgniter(Object(CodeIgniter\CodeIgniter))
#11 E:\finalVersion\backend\public\index.php(59): CodeIgniter\Boot::bootWeb(Object(Config\Paths))
#12 E:\finalVersion\backend\system\rewrite.php(44): require_once('E:\\finalVersion...')
#13 {main}
CRITICAL - 2025-10-14 11:22:19 --> CodeIgniter\Database\Exceptions\DatabaseException: Unable to connect to the database.
Main connection [MySQLi]: No connection could be made because the target machine actively refused it
[Method: POST, Route: api/admin/login]
in SYSTEMPATH\Database\BaseConnection.php on line 467.
 1 SYSTEMPATH\Database\BaseConnection.php(620): CodeIgniter\Database\BaseConnection->initialize()
 2 SYSTEMPATH\Database\BaseBuilder.php(1649): CodeIgniter\Database\BaseConnection->query('SELECT *
FROM `admins`
WHERE `username` = :username:
 LIMIT 1', [...], false)
 3 SYSTEMPATH\Model.php(330): CodeIgniter\Database\BaseBuilder->get()
 4 SYSTEMPATH\BaseModel.php(717): CodeIgniter\Model->doFirst()
 5 APPPATH\Controllers\Api\Admin.php(33): CodeIgniter\BaseModel->first()
 6 SYSTEMPATH\CodeIgniter.php(933): App\Controllers\Api\Admin->login()
 7 SYSTEMPATH\CodeIgniter.php(507): CodeIgniter\CodeIgniter->runController(Object(App\Controllers\Api\Admin))
 8 SYSTEMPATH\CodeIgniter.php(354): CodeIgniter\CodeIgniter->handleRequest(null, Object(Config\Cache), false)
 9 SYSTEMPATH\Boot.php(334): CodeIgniter\CodeIgniter->run()
10 SYSTEMPATH\Boot.php(67): CodeIgniter\Boot::runCodeIgniter(Object(CodeIgniter\CodeIgniter))
11 FCPATH\index.php(59): CodeIgniter\Boot::bootWeb(Object(Config\Paths))
12 SYSTEMPATH\rewrite.php(44): require_once('E:\\finalVersion\\backend\\public\\index.php')
ERROR - 2025-10-14 11:22:30 --> Error connecting to the database: mysqli_sql_exception: No connection could be made because the target machine actively refused it in E:\finalVersion\backend\system\Database\MySQLi\Connection.php:202
Stack trace:
#0 E:\finalVersion\backend\system\Database\MySQLi\Connection.php(202): mysqli->real_connect('localhost', 'root', '', 'rsphotography', 3306, '', 0)
#1 E:\finalVersion\backend\system\Database\BaseConnection.php(421): CodeIgniter\Database\MySQLi\Connection->connect(false)
#2 E:\finalVersion\backend\system\Database\BaseConnection.php(620): CodeIgniter\Database\BaseConnection->initialize()
#3 E:\finalVersion\backend\system\Database\BaseBuilder.php(1649): CodeIgniter\Database\BaseConnection->query('SELECT *\nFROM `...', Array, false)
#4 E:\finalVersion\backend\system\Model.php(330): CodeIgniter\Database\BaseBuilder->get()
#5 E:\finalVersion\backend\system\BaseModel.php(717): CodeIgniter\Model->doFirst()
#6 E:\finalVersion\backend\app\Controllers\Api\Admin.php(33): CodeIgniter\BaseModel->first()
#7 E:\finalVersion\backend\system\CodeIgniter.php(933): App\Controllers\Api\Admin->login()
#8 E:\finalVersion\backend\system\CodeIgniter.php(507): CodeIgniter\CodeIgniter->runController(Object(App\Controllers\Api\Admin))
#9 E:\finalVersion\backend\system\CodeIgniter.php(354): CodeIgniter\CodeIgniter->handleRequest(NULL, Object(Config\Cache), false)
#10 E:\finalVersion\backend\system\Boot.php(334): CodeIgniter\CodeIgniter->run()
#11 E:\finalVersion\backend\system\Boot.php(67): CodeIgniter\Boot::runCodeIgniter(Object(CodeIgniter\CodeIgniter))
#12 E:\finalVersion\backend\public\index.php(59): CodeIgniter\Boot::bootWeb(Object(Config\Paths))
#13 E:\finalVersion\backend\system\rewrite.php(44): require_once('E:\\finalVersion...')
#14 {main}

Next CodeIgniter\Database\Exceptions\DatabaseException: No connection could be made because the target machine actively refused it in E:\finalVersion\backend\system\Database\MySQLi\Connection.php:246
Stack trace:
#0 E:\finalVersion\backend\system\Database\BaseConnection.php(421): CodeIgniter\Database\MySQLi\Connection->connect(false)
#1 E:\finalVersion\backend\system\Database\BaseConnection.php(620): CodeIgniter\Database\BaseConnection->initialize()
#2 E:\finalVersion\backend\system\Database\BaseBuilder.php(1649): CodeIgniter\Database\BaseConnection->query('SELECT *\nFROM `...', Array, false)
#3 E:\finalVersion\backend\system\Model.php(330): CodeIgniter\Database\BaseBuilder->get()
#4 E:\finalVersion\backend\system\BaseModel.php(717): CodeIgniter\Model->doFirst()
#5 E:\finalVersion\backend\app\Controllers\Api\Admin.php(33): CodeIgniter\BaseModel->first()
#6 E:\finalVersion\backend\system\CodeIgniter.php(933): App\Controllers\Api\Admin->login()
#7 E:\finalVersion\backend\system\CodeIgniter.php(507): CodeIgniter\CodeIgniter->runController(Object(App\Controllers\Api\Admin))
#8 E:\finalVersion\backend\system\CodeIgniter.php(354): CodeIgniter\CodeIgniter->handleRequest(NULL, Object(Config\Cache), false)
#9 E:\finalVersion\backend\system\Boot.php(334): CodeIgniter\CodeIgniter->run()
#10 E:\finalVersion\backend\system\Boot.php(67): CodeIgniter\Boot::runCodeIgniter(Object(CodeIgniter\CodeIgniter))
#11 E:\finalVersion\backend\public\index.php(59): CodeIgniter\Boot::bootWeb(Object(Config\Paths))
#12 E:\finalVersion\backend\system\rewrite.php(44): require_once('E:\\finalVersion...')
#13 {main}
CRITICAL - 2025-10-14 11:22:30 --> CodeIgniter\Database\Exceptions\DatabaseException: Unable to connect to the database.
Main connection [MySQLi]: No connection could be made because the target machine actively refused it
[Method: POST, Route: api/admin/login]
in SYSTEMPATH\Database\BaseConnection.php on line 467.
 1 SYSTEMPATH\Database\BaseConnection.php(620): CodeIgniter\Database\BaseConnection->initialize()
 2 SYSTEMPATH\Database\BaseBuilder.php(1649): CodeIgniter\Database\BaseConnection->query('SELECT *
FROM `admins`
WHERE `username` = :username:
 LIMIT 1', [...], false)
 3 SYSTEMPATH\Model.php(330): CodeIgniter\Database\BaseBuilder->get()
 4 SYSTEMPATH\BaseModel.php(717): CodeIgniter\Model->doFirst()
 5 APPPATH\Controllers\Api\Admin.php(33): CodeIgniter\BaseModel->first()
 6 SYSTEMPATH\CodeIgniter.php(933): App\Controllers\Api\Admin->login()
 7 SYSTEMPATH\CodeIgniter.php(507): CodeIgniter\CodeIgniter->runController(Object(App\Controllers\Api\Admin))
 8 SYSTEMPATH\CodeIgniter.php(354): CodeIgniter\CodeIgniter->handleRequest(null, Object(Config\Cache), false)
 9 SYSTEMPATH\Boot.php(334): CodeIgniter\CodeIgniter->run()
10 SYSTEMPATH\Boot.php(67): CodeIgniter\Boot::runCodeIgniter(Object(CodeIgniter\CodeIgniter))
11 FCPATH\index.php(59): CodeIgniter\Boot::bootWeb(Object(Config\Paths))
12 SYSTEMPATH\rewrite.php(44): require_once('E:\\finalVersion\\backend\\public\\index.php')
CRITICAL - 2025-10-14 11:41:00 --> ErrorException: Maximum execution time of 60 seconds exceeded
[Method: POST, Route: api/admin/albums]
in SYSTEMPATH\Database\MySQLi\Connection.php on line 328.
 1 [internal function]: CodeIgniter\Debug\Exceptions->shutdownHandler()
