ERROR - 2025-09-20 19:18:20 --> mysqli_sql_exception: Unknown column 'event_type' in 'field list' in E:\finalVersion\backend\system\Database\MySQLi\Connection.php:327
Stack trace:
#0 E:\finalVersion\backend\system\Database\MySQLi\Connection.php(327): mysqli->query('INSERT INTO `en...', 0)
#1 E:\finalVersion\backend\system\Database\BaseConnection.php(738): CodeIgniter\Database\MySQLi\Connection->execute('INSERT INTO `en...')
#2 E:\finalVersion\backend\system\Database\BaseConnection.php(652): CodeIgniter\Database\BaseConnection->simpleQuery('INSERT INTO `en...')
#3 E:\finalVersion\backend\system\Database\BaseBuilder.php(2345): CodeIgniter\Database\BaseConnection->query('INSERT INTO `en...', Array, false)
#4 E:\finalVersion\backend\system\Model.php(394): CodeIgniter\Database\BaseBuilder->insert()
#5 E:\finalVersion\backend\system\BaseModel.php(843): CodeIgniter\Model->doInsert(Array)
#6 E:\finalVersion\backend\system\Model.php(800): CodeIgniter\BaseModel->insert(Array, true)
#7 E:\finalVersion\backend\app\Controllers\Api\Enquiries.php(38): CodeIgniter\Model->insert(Array)
#8 E:\finalVersion\backend\system\CodeIgniter.php(933): App\Controllers\Api\Enquiries->store()
#9 E:\finalVersion\backend\system\CodeIgniter.php(507): CodeIgniter\CodeIgniter->runController(Object(App\Controllers\Api\Enquiries))
#10 E:\finalVersion\backend\system\CodeIgniter.php(354): CodeIgniter\CodeIgniter->handleRequest(NULL, Object(Config\Cache), false)
#11 E:\finalVersion\backend\system\Boot.php(334): CodeIgniter\CodeIgniter->run()
#12 E:\finalVersion\backend\system\Boot.php(67): CodeIgniter\Boot::runCodeIgniter(Object(CodeIgniter\CodeIgniter))
#13 E:\finalVersion\backend\public\index.php(59): CodeIgniter\Boot::bootWeb(Object(Config\Paths))
#14 E:\finalVersion\backend\system\rewrite.php(44): require_once('E:\\finalVersion...')
#15 {main}
CRITICAL - 2025-09-20 19:18:20 --> CodeIgniter\Database\Exceptions\DatabaseException: Unknown column 'event_type' in 'field list'
[Method: POST, Route: api/enquiries]
in SYSTEMPATH\Database\BaseConnection.php on line 692.
 1 SYSTEMPATH\Database\BaseBuilder.php(2345): CodeIgniter\Database\BaseConnection->query('INSERT INTO `enquiries` (`name`, `email`, `phone`, `event_type`, `event_date`, `message`, `created_at`, `updated_at`) VALUES (:name:, :email:, :phone:, :event_type:, :event_date:, :message:, :created_at:, :updated_at:)', [...], false)
 2 SYSTEMPATH\Model.php(394): CodeIgniter\Database\BaseBuilder->insert()
 3 SYSTEMPATH\BaseModel.php(843): CodeIgniter\Model->doInsert([...])
 4 SYSTEMPATH\Model.php(800): CodeIgniter\BaseModel->insert([...], true)
 5 APPPATH\Controllers\Api\Enquiries.php(38): CodeIgniter\Model->insert([...])
 6 SYSTEMPATH\CodeIgniter.php(933): App\Controllers\Api\Enquiries->store()
 7 SYSTEMPATH\CodeIgniter.php(507): CodeIgniter\CodeIgniter->runController(Object(App\Controllers\Api\Enquiries))
 8 SYSTEMPATH\CodeIgniter.php(354): CodeIgniter\CodeIgniter->handleRequest(null, Object(Config\Cache), false)
 9 SYSTEMPATH\Boot.php(334): CodeIgniter\CodeIgniter->run()
10 SYSTEMPATH\Boot.php(67): CodeIgniter\Boot::runCodeIgniter(Object(CodeIgniter\CodeIgniter))
11 FCPATH\index.php(59): CodeIgniter\Boot::bootWeb(Object(Config\Paths))
12 SYSTEMPATH\rewrite.php(44): require_once('E:\\finalVersion\\backend\\public\\index.php')
CRITICAL - 2025-09-20 19:18:20 --> [Caused by] CodeIgniter\Database\Exceptions\DatabaseException: Unknown column 'event_type' in 'field list'
in SYSTEMPATH\Database\MySQLi\Connection.php on line 332.
 1 SYSTEMPATH\Database\BaseConnection.php(738): CodeIgniter\Database\MySQLi\Connection->execute('INSERT INTO `enquiries` (`name`, `email`, `phone`, `event_type`, `event_date`, `message`, `created_at`, `updated_at`) VALUES (\'rashmi\', \'sumithbandela@gmail.com\', \'+916302135647\', \'\', \'2025-09-27\', \'hello\', \'2025-09-20 19:18:20\', \'2025-09-20 19:18:20\')')
 2 SYSTEMPATH\Database\BaseConnection.php(652): CodeIgniter\Database\BaseConnection->simpleQuery('INSERT INTO `enquiries` (`name`, `email`, `phone`, `event_type`, `event_date`, `message`, `created_at`, `updated_at`) VALUES (\'rashmi\', \'sumithbandela@gmail.com\', \'+916302135647\', \'\', \'2025-09-27\', \'hello\', \'2025-09-20 19:18:20\', \'2025-09-20 19:18:20\')')
 3 SYSTEMPATH\Database\BaseBuilder.php(2345): CodeIgniter\Database\BaseConnection->query('INSERT INTO `enquiries` (`name`, `email`, `phone`, `event_type`, `event_date`, `message`, `created_at`, `updated_at`) VALUES (:name:, :email:, :phone:, :event_type:, :event_date:, :message:, :created_at:, :updated_at:)', [...], false)
 4 SYSTEMPATH\Model.php(394): CodeIgniter\Database\BaseBuilder->insert()
 5 SYSTEMPATH\BaseModel.php(843): CodeIgniter\Model->doInsert([...])
 6 SYSTEMPATH\Model.php(800): CodeIgniter\BaseModel->insert([...], true)
 7 APPPATH\Controllers\Api\Enquiries.php(38): CodeIgniter\Model->insert([...])
 8 SYSTEMPATH\CodeIgniter.php(933): App\Controllers\Api\Enquiries->store()
 9 SYSTEMPATH\CodeIgniter.php(507): CodeIgniter\CodeIgniter->runController(Object(App\Controllers\Api\Enquiries))
10 SYSTEMPATH\CodeIgniter.php(354): CodeIgniter\CodeIgniter->handleRequest(null, Object(Config\Cache), false)
11 SYSTEMPATH\Boot.php(334): CodeIgniter\CodeIgniter->run()
12 SYSTEMPATH\Boot.php(67): CodeIgniter\Boot::runCodeIgniter(Object(CodeIgniter\CodeIgniter))
13 FCPATH\index.php(59): CodeIgniter\Boot::bootWeb(Object(Config\Paths))
14 SYSTEMPATH\rewrite.php(44): require_once('E:\\finalVersion\\backend\\public\\index.php')
CRITICAL - 2025-09-20 19:18:20 --> [Caused by] mysqli_sql_exception: Unknown column 'event_type' in 'field list'
in SYSTEMPATH\Database\MySQLi\Connection.php on line 327.
 1 SYSTEMPATH\Database\MySQLi\Connection.php(327): mysqli->query('INSERT INTO `enquiries` (`name`, `email`, `phone`, `event_type`, `event_date`, `message`, `created_at`, `updated_at`) VALUES (\'rashmi\', \'sumithbandela@gmail.com\', \'+916302135647\', \'\', \'2025-09-27\', \'hello\', \'2025-09-20 19:18:20\', \'2025-09-20 19:18:20\')', 0)
 2 SYSTEMPATH\Database\BaseConnection.php(738): CodeIgniter\Database\MySQLi\Connection->execute('INSERT INTO `enquiries` (`name`, `email`, `phone`, `event_type`, `event_date`, `message`, `created_at`, `updated_at`) VALUES (\'rashmi\', \'sumithbandela@gmail.com\', \'+916302135647\', \'\', \'2025-09-27\', \'hello\', \'2025-09-20 19:18:20\', \'2025-09-20 19:18:20\')')
 3 SYSTEMPATH\Database\BaseConnection.php(652): CodeIgniter\Database\BaseConnection->simpleQuery('INSERT INTO `enquiries` (`name`, `email`, `phone`, `event_type`, `event_date`, `message`, `created_at`, `updated_at`) VALUES (\'rashmi\', \'sumithbandela@gmail.com\', \'+916302135647\', \'\', \'2025-09-27\', \'hello\', \'2025-09-20 19:18:20\', \'2025-09-20 19:18:20\')')
 4 SYSTEMPATH\Database\BaseBuilder.php(2345): CodeIgniter\Database\BaseConnection->query('INSERT INTO `enquiries` (`name`, `email`, `phone`, `event_type`, `event_date`, `message`, `created_at`, `updated_at`) VALUES (:name:, :email:, :phone:, :event_type:, :event_date:, :message:, :created_at:, :updated_at:)', [...], false)
 5 SYSTEMPATH\Model.php(394): CodeIgniter\Database\BaseBuilder->insert()
 6 SYSTEMPATH\BaseModel.php(843): CodeIgniter\Model->doInsert([...])
 7 SYSTEMPATH\Model.php(800): CodeIgniter\BaseModel->insert([...], true)
 8 APPPATH\Controllers\Api\Enquiries.php(38): CodeIgniter\Model->insert([...])
 9 SYSTEMPATH\CodeIgniter.php(933): App\Controllers\Api\Enquiries->store()
10 SYSTEMPATH\CodeIgniter.php(507): CodeIgniter\CodeIgniter->runController(Object(App\Controllers\Api\Enquiries))
11 SYSTEMPATH\CodeIgniter.php(354): CodeIgniter\CodeIgniter->handleRequest(null, Object(Config\Cache), false)
12 SYSTEMPATH\Boot.php(334): CodeIgniter\CodeIgniter->run()
13 SYSTEMPATH\Boot.php(67): CodeIgniter\Boot::runCodeIgniter(Object(CodeIgniter\CodeIgniter))
14 FCPATH\index.php(59): CodeIgniter\Boot::bootWeb(Object(Config\Paths))
15 SYSTEMPATH\rewrite.php(44): require_once('E:\\finalVersion\\backend\\public\\index.php')
ERROR - 2025-09-20 19:19:23 --> mysqli_sql_exception: Unknown column 'updated_at' in 'field list' in E:\finalVersion\backend\system\Database\MySQLi\Connection.php:327
Stack trace:
#0 E:\finalVersion\backend\system\Database\MySQLi\Connection.php(327): mysqli->query('INSERT INTO `en...', 0)
#1 E:\finalVersion\backend\system\Database\BaseConnection.php(738): CodeIgniter\Database\MySQLi\Connection->execute('INSERT INTO `en...')
#2 E:\finalVersion\backend\system\Database\BaseConnection.php(652): CodeIgniter\Database\BaseConnection->simpleQuery('INSERT INTO `en...')
#3 E:\finalVersion\backend\system\Database\BaseBuilder.php(2345): CodeIgniter\Database\BaseConnection->query('INSERT INTO `en...', Array, false)
#4 E:\finalVersion\backend\system\Model.php(394): CodeIgniter\Database\BaseBuilder->insert()
#5 E:\finalVersion\backend\system\BaseModel.php(843): CodeIgniter\Model->doInsert(Array)
#6 E:\finalVersion\backend\system\Model.php(800): CodeIgniter\BaseModel->insert(Array, true)
#7 E:\finalVersion\backend\app\Controllers\Api\Enquiries.php(38): CodeIgniter\Model->insert(Array)
#8 E:\finalVersion\backend\system\CodeIgniter.php(933): App\Controllers\Api\Enquiries->store()
#9 E:\finalVersion\backend\system\CodeIgniter.php(507): CodeIgniter\CodeIgniter->runController(Object(App\Controllers\Api\Enquiries))
#10 E:\finalVersion\backend\system\CodeIgniter.php(354): CodeIgniter\CodeIgniter->handleRequest(NULL, Object(Config\Cache), false)
#11 E:\finalVersion\backend\system\Boot.php(334): CodeIgniter\CodeIgniter->run()
#12 E:\finalVersion\backend\system\Boot.php(67): CodeIgniter\Boot::runCodeIgniter(Object(CodeIgniter\CodeIgniter))
#13 E:\finalVersion\backend\public\index.php(59): CodeIgniter\Boot::bootWeb(Object(Config\Paths))
#14 E:\finalVersion\backend\system\rewrite.php(44): require_once('E:\\finalVersion...')
#15 {main}
CRITICAL - 2025-09-20 19:19:23 --> CodeIgniter\Database\Exceptions\DatabaseException: Unknown column 'updated_at' in 'field list'
[Method: POST, Route: api/enquiries]
in SYSTEMPATH\Database\BaseConnection.php on line 692.
 1 SYSTEMPATH\Database\BaseBuilder.php(2345): CodeIgniter\Database\BaseConnection->query('INSERT INTO `enquiries` (`name`, `email`, `phone`, `event_type`, `event_date`, `message`, `created_at`, `updated_at`) VALUES (:name:, :email:, :phone:, :event_type:, :event_date:, :message:, :created_at:, :updated_at:)', [...], false)
 2 SYSTEMPATH\Model.php(394): CodeIgniter\Database\BaseBuilder->insert()
 3 SYSTEMPATH\BaseModel.php(843): CodeIgniter\Model->doInsert([...])
 4 SYSTEMPATH\Model.php(800): CodeIgniter\BaseModel->insert([...], true)
 5 APPPATH\Controllers\Api\Enquiries.php(38): CodeIgniter\Model->insert([...])
 6 SYSTEMPATH\CodeIgniter.php(933): App\Controllers\Api\Enquiries->store()
 7 SYSTEMPATH\CodeIgniter.php(507): CodeIgniter\CodeIgniter->runController(Object(App\Controllers\Api\Enquiries))
 8 SYSTEMPATH\CodeIgniter.php(354): CodeIgniter\CodeIgniter->handleRequest(null, Object(Config\Cache), false)
 9 SYSTEMPATH\Boot.php(334): CodeIgniter\CodeIgniter->run()
10 SYSTEMPATH\Boot.php(67): CodeIgniter\Boot::runCodeIgniter(Object(CodeIgniter\CodeIgniter))
11 FCPATH\index.php(59): CodeIgniter\Boot::bootWeb(Object(Config\Paths))
12 SYSTEMPATH\rewrite.php(44): require_once('E:\\finalVersion\\backend\\public\\index.php')
CRITICAL - 2025-09-20 19:19:23 --> [Caused by] CodeIgniter\Database\Exceptions\DatabaseException: Unknown column 'updated_at' in 'field list'
in SYSTEMPATH\Database\MySQLi\Connection.php on line 332.
 1 SYSTEMPATH\Database\BaseConnection.php(738): CodeIgniter\Database\MySQLi\Connection->execute('INSERT INTO `enquiries` (`name`, `email`, `phone`, `event_type`, `event_date`, `message`, `created_at`, `updated_at`) VALUES (\'rashmi\', \'sumithbandela@gmail.com\', \'+916302135647\', \'\', \'2025-09-27\', \'hello\', \'2025-09-20 19:19:23\', \'2025-09-20 19:19:23\')')
 2 SYSTEMPATH\Database\BaseConnection.php(652): CodeIgniter\Database\BaseConnection->simpleQuery('INSERT INTO `enquiries` (`name`, `email`, `phone`, `event_type`, `event_date`, `message`, `created_at`, `updated_at`) VALUES (\'rashmi\', \'sumithbandela@gmail.com\', \'+916302135647\', \'\', \'2025-09-27\', \'hello\', \'2025-09-20 19:19:23\', \'2025-09-20 19:19:23\')')
 3 SYSTEMPATH\Database\BaseBuilder.php(2345): CodeIgniter\Database\BaseConnection->query('INSERT INTO `enquiries` (`name`, `email`, `phone`, `event_type`, `event_date`, `message`, `created_at`, `updated_at`) VALUES (:name:, :email:, :phone:, :event_type:, :event_date:, :message:, :created_at:, :updated_at:)', [...], false)
 4 SYSTEMPATH\Model.php(394): CodeIgniter\Database\BaseBuilder->insert()
 5 SYSTEMPATH\BaseModel.php(843): CodeIgniter\Model->doInsert([...])
 6 SYSTEMPATH\Model.php(800): CodeIgniter\BaseModel->insert([...], true)
 7 APPPATH\Controllers\Api\Enquiries.php(38): CodeIgniter\Model->insert([...])
 8 SYSTEMPATH\CodeIgniter.php(933): App\Controllers\Api\Enquiries->store()
 9 SYSTEMPATH\CodeIgniter.php(507): CodeIgniter\CodeIgniter->runController(Object(App\Controllers\Api\Enquiries))
10 SYSTEMPATH\CodeIgniter.php(354): CodeIgniter\CodeIgniter->handleRequest(null, Object(Config\Cache), false)
11 SYSTEMPATH\Boot.php(334): CodeIgniter\CodeIgniter->run()
12 SYSTEMPATH\Boot.php(67): CodeIgniter\Boot::runCodeIgniter(Object(CodeIgniter\CodeIgniter))
13 FCPATH\index.php(59): CodeIgniter\Boot::bootWeb(Object(Config\Paths))
14 SYSTEMPATH\rewrite.php(44): require_once('E:\\finalVersion\\backend\\public\\index.php')
CRITICAL - 2025-09-20 19:19:23 --> [Caused by] mysqli_sql_exception: Unknown column 'updated_at' in 'field list'
in SYSTEMPATH\Database\MySQLi\Connection.php on line 327.
 1 SYSTEMPATH\Database\MySQLi\Connection.php(327): mysqli->query('INSERT INTO `enquiries` (`name`, `email`, `phone`, `event_type`, `event_date`, `message`, `created_at`, `updated_at`) VALUES (\'rashmi\', \'sumithbandela@gmail.com\', \'+916302135647\', \'\', \'2025-09-27\', \'hello\', \'2025-09-20 19:19:23\', \'2025-09-20 19:19:23\')', 0)
 2 SYSTEMPATH\Database\BaseConnection.php(738): CodeIgniter\Database\MySQLi\Connection->execute('INSERT INTO `enquiries` (`name`, `email`, `phone`, `event_type`, `event_date`, `message`, `created_at`, `updated_at`) VALUES (\'rashmi\', \'sumithbandela@gmail.com\', \'+916302135647\', \'\', \'2025-09-27\', \'hello\', \'2025-09-20 19:19:23\', \'2025-09-20 19:19:23\')')
 3 SYSTEMPATH\Database\BaseConnection.php(652): CodeIgniter\Database\BaseConnection->simpleQuery('INSERT INTO `enquiries` (`name`, `email`, `phone`, `event_type`, `event_date`, `message`, `created_at`, `updated_at`) VALUES (\'rashmi\', \'sumithbandela@gmail.com\', \'+916302135647\', \'\', \'2025-09-27\', \'hello\', \'2025-09-20 19:19:23\', \'2025-09-20 19:19:23\')')
 4 SYSTEMPATH\Database\BaseBuilder.php(2345): CodeIgniter\Database\BaseConnection->query('INSERT INTO `enquiries` (`name`, `email`, `phone`, `event_type`, `event_date`, `message`, `created_at`, `updated_at`) VALUES (:name:, :email:, :phone:, :event_type:, :event_date:, :message:, :created_at:, :updated_at:)', [...], false)
 5 SYSTEMPATH\Model.php(394): CodeIgniter\Database\BaseBuilder->insert()
 6 SYSTEMPATH\BaseModel.php(843): CodeIgniter\Model->doInsert([...])
 7 SYSTEMPATH\Model.php(800): CodeIgniter\BaseModel->insert([...], true)
 8 APPPATH\Controllers\Api\Enquiries.php(38): CodeIgniter\Model->insert([...])
 9 SYSTEMPATH\CodeIgniter.php(933): App\Controllers\Api\Enquiries->store()
10 SYSTEMPATH\CodeIgniter.php(507): CodeIgniter\CodeIgniter->runController(Object(App\Controllers\Api\Enquiries))
11 SYSTEMPATH\CodeIgniter.php(354): CodeIgniter\CodeIgniter->handleRequest(null, Object(Config\Cache), false)
12 SYSTEMPATH\Boot.php(334): CodeIgniter\CodeIgniter->run()
13 SYSTEMPATH\Boot.php(67): CodeIgniter\Boot::runCodeIgniter(Object(CodeIgniter\CodeIgniter))
14 FCPATH\index.php(59): CodeIgniter\Boot::bootWeb(Object(Config\Paths))
15 SYSTEMPATH\rewrite.php(44): require_once('E:\\finalVersion\\backend\\public\\index.php')
ERROR - 2025-09-20 19:20:59 --> mysqli_sql_exception: Unknown column 'updated_at' in 'field list' in E:\finalVersion\backend\system\Database\MySQLi\Connection.php:327
Stack trace:
#0 E:\finalVersion\backend\system\Database\MySQLi\Connection.php(327): mysqli->query('INSERT INTO `en...', 0)
#1 E:\finalVersion\backend\system\Database\BaseConnection.php(738): CodeIgniter\Database\MySQLi\Connection->execute('INSERT INTO `en...')
#2 E:\finalVersion\backend\system\Database\BaseConnection.php(652): CodeIgniter\Database\BaseConnection->simpleQuery('INSERT INTO `en...')
#3 E:\finalVersion\backend\system\Database\BaseBuilder.php(2345): CodeIgniter\Database\BaseConnection->query('INSERT INTO `en...', Array, false)
#4 E:\finalVersion\backend\system\Model.php(394): CodeIgniter\Database\BaseBuilder->insert()
#5 E:\finalVersion\backend\system\BaseModel.php(843): CodeIgniter\Model->doInsert(Array)
#6 E:\finalVersion\backend\system\Model.php(800): CodeIgniter\BaseModel->insert(Array, true)
#7 E:\finalVersion\backend\app\Controllers\Api\Enquiries.php(38): CodeIgniter\Model->insert(Array)
#8 E:\finalVersion\backend\system\CodeIgniter.php(933): App\Controllers\Api\Enquiries->store()
#9 E:\finalVersion\backend\system\CodeIgniter.php(507): CodeIgniter\CodeIgniter->runController(Object(App\Controllers\Api\Enquiries))
#10 E:\finalVersion\backend\system\CodeIgniter.php(354): CodeIgniter\CodeIgniter->handleRequest(NULL, Object(Config\Cache), false)
#11 E:\finalVersion\backend\system\Boot.php(334): CodeIgniter\CodeIgniter->run()
#12 E:\finalVersion\backend\system\Boot.php(67): CodeIgniter\Boot::runCodeIgniter(Object(CodeIgniter\CodeIgniter))
#13 E:\finalVersion\backend\public\index.php(59): CodeIgniter\Boot::bootWeb(Object(Config\Paths))
#14 E:\finalVersion\backend\system\rewrite.php(44): require_once('E:\\finalVersion...')
#15 {main}
CRITICAL - 2025-09-20 19:20:59 --> CodeIgniter\Database\Exceptions\DatabaseException: Unknown column 'updated_at' in 'field list'
[Method: POST, Route: api/enquiries]
in SYSTEMPATH\Database\BaseConnection.php on line 692.
 1 SYSTEMPATH\Database\BaseBuilder.php(2345): CodeIgniter\Database\BaseConnection->query('INSERT INTO `enquiries` (`name`, `email`, `phone`, `eventType`, `eventDate`, `message`, `created_at`, `updated_at`) VALUES (:name:, :email:, :phone:, :eventType:, :eventDate:, :message:, :created_at:, :updated_at:)', [...], false)
 2 SYSTEMPATH\Model.php(394): CodeIgniter\Database\BaseBuilder->insert()
 3 SYSTEMPATH\BaseModel.php(843): CodeIgniter\Model->doInsert([...])
 4 SYSTEMPATH\Model.php(800): CodeIgniter\BaseModel->insert([...], true)
 5 APPPATH\Controllers\Api\Enquiries.php(38): CodeIgniter\Model->insert([...])
 6 SYSTEMPATH\CodeIgniter.php(933): App\Controllers\Api\Enquiries->store()
 7 SYSTEMPATH\CodeIgniter.php(507): CodeIgniter\CodeIgniter->runController(Object(App\Controllers\Api\Enquiries))
 8 SYSTEMPATH\CodeIgniter.php(354): CodeIgniter\CodeIgniter->handleRequest(null, Object(Config\Cache), false)
 9 SYSTEMPATH\Boot.php(334): CodeIgniter\CodeIgniter->run()
10 SYSTEMPATH\Boot.php(67): CodeIgniter\Boot::runCodeIgniter(Object(CodeIgniter\CodeIgniter))
11 FCPATH\index.php(59): CodeIgniter\Boot::bootWeb(Object(Config\Paths))
12 SYSTEMPATH\rewrite.php(44): require_once('E:\\finalVersion\\backend\\public\\index.php')
CRITICAL - 2025-09-20 19:20:59 --> [Caused by] CodeIgniter\Database\Exceptions\DatabaseException: Unknown column 'updated_at' in 'field list'
in SYSTEMPATH\Database\MySQLi\Connection.php on line 332.
 1 SYSTEMPATH\Database\BaseConnection.php(738): CodeIgniter\Database\MySQLi\Connection->execute('INSERT INTO `enquiries` (`name`, `email`, `phone`, `eventType`, `eventDate`, `message`, `created_at`, `updated_at`) VALUES (\'rashmi\', \'sumithbandela@gmail.com\', \'+916302135647\', \'\', \'2025-09-24\', \'hello\', \'2025-09-20 19:20:59\', \'2025-09-20 19:20:59\')')
 2 SYSTEMPATH\Database\BaseConnection.php(652): CodeIgniter\Database\BaseConnection->simpleQuery('INSERT INTO `enquiries` (`name`, `email`, `phone`, `eventType`, `eventDate`, `message`, `created_at`, `updated_at`) VALUES (\'rashmi\', \'sumithbandela@gmail.com\', \'+916302135647\', \'\', \'2025-09-24\', \'hello\', \'2025-09-20 19:20:59\', \'2025-09-20 19:20:59\')')
 3 SYSTEMPATH\Database\BaseBuilder.php(2345): CodeIgniter\Database\BaseConnection->query('INSERT INTO `enquiries` (`name`, `email`, `phone`, `eventType`, `eventDate`, `message`, `created_at`, `updated_at`) VALUES (:name:, :email:, :phone:, :eventType:, :eventDate:, :message:, :created_at:, :updated_at:)', [...], false)
 4 SYSTEMPATH\Model.php(394): CodeIgniter\Database\BaseBuilder->insert()
 5 SYSTEMPATH\BaseModel.php(843): CodeIgniter\Model->doInsert([...])
 6 SYSTEMPATH\Model.php(800): CodeIgniter\BaseModel->insert([...], true)
 7 APPPATH\Controllers\Api\Enquiries.php(38): CodeIgniter\Model->insert([...])
 8 SYSTEMPATH\CodeIgniter.php(933): App\Controllers\Api\Enquiries->store()
 9 SYSTEMPATH\CodeIgniter.php(507): CodeIgniter\CodeIgniter->runController(Object(App\Controllers\Api\Enquiries))
10 SYSTEMPATH\CodeIgniter.php(354): CodeIgniter\CodeIgniter->handleRequest(null, Object(Config\Cache), false)
11 SYSTEMPATH\Boot.php(334): CodeIgniter\CodeIgniter->run()
12 SYSTEMPATH\Boot.php(67): CodeIgniter\Boot::runCodeIgniter(Object(CodeIgniter\CodeIgniter))
13 FCPATH\index.php(59): CodeIgniter\Boot::bootWeb(Object(Config\Paths))
14 SYSTEMPATH\rewrite.php(44): require_once('E:\\finalVersion\\backend\\public\\index.php')
CRITICAL - 2025-09-20 19:20:59 --> [Caused by] mysqli_sql_exception: Unknown column 'updated_at' in 'field list'
in SYSTEMPATH\Database\MySQLi\Connection.php on line 327.
 1 SYSTEMPATH\Database\MySQLi\Connection.php(327): mysqli->query('INSERT INTO `enquiries` (`name`, `email`, `phone`, `eventType`, `eventDate`, `message`, `created_at`, `updated_at`) VALUES (\'rashmi\', \'sumithbandela@gmail.com\', \'+916302135647\', \'\', \'2025-09-24\', \'hello\', \'2025-09-20 19:20:59\', \'2025-09-20 19:20:59\')', 0)
 2 SYSTEMPATH\Database\BaseConnection.php(738): CodeIgniter\Database\MySQLi\Connection->execute('INSERT INTO `enquiries` (`name`, `email`, `phone`, `eventType`, `eventDate`, `message`, `created_at`, `updated_at`) VALUES (\'rashmi\', \'sumithbandela@gmail.com\', \'+916302135647\', \'\', \'2025-09-24\', \'hello\', \'2025-09-20 19:20:59\', \'2025-09-20 19:20:59\')')
 3 SYSTEMPATH\Database\BaseConnection.php(652): CodeIgniter\Database\BaseConnection->simpleQuery('INSERT INTO `enquiries` (`name`, `email`, `phone`, `eventType`, `eventDate`, `message`, `created_at`, `updated_at`) VALUES (\'rashmi\', \'sumithbandela@gmail.com\', \'+916302135647\', \'\', \'2025-09-24\', \'hello\', \'2025-09-20 19:20:59\', \'2025-09-20 19:20:59\')')
 4 SYSTEMPATH\Database\BaseBuilder.php(2345): CodeIgniter\Database\BaseConnection->query('INSERT INTO `enquiries` (`name`, `email`, `phone`, `eventType`, `eventDate`, `message`, `created_at`, `updated_at`) VALUES (:name:, :email:, :phone:, :eventType:, :eventDate:, :message:, :created_at:, :updated_at:)', [...], false)
 5 SYSTEMPATH\Model.php(394): CodeIgniter\Database\BaseBuilder->insert()
 6 SYSTEMPATH\BaseModel.php(843): CodeIgniter\Model->doInsert([...])
 7 SYSTEMPATH\Model.php(800): CodeIgniter\BaseModel->insert([...], true)
 8 APPPATH\Controllers\Api\Enquiries.php(38): CodeIgniter\Model->insert([...])
 9 SYSTEMPATH\CodeIgniter.php(933): App\Controllers\Api\Enquiries->store()
10 SYSTEMPATH\CodeIgniter.php(507): CodeIgniter\CodeIgniter->runController(Object(App\Controllers\Api\Enquiries))
11 SYSTEMPATH\CodeIgniter.php(354): CodeIgniter\CodeIgniter->handleRequest(null, Object(Config\Cache), false)
12 SYSTEMPATH\Boot.php(334): CodeIgniter\CodeIgniter->run()
13 SYSTEMPATH\Boot.php(67): CodeIgniter\Boot::runCodeIgniter(Object(CodeIgniter\CodeIgniter))
14 FCPATH\index.php(59): CodeIgniter\Boot::bootWeb(Object(Config\Paths))
15 SYSTEMPATH\rewrite.php(44): require_once('E:\\finalVersion\\backend\\public\\index.php')
ERROR - 2025-09-20 19:26:07 --> Array
(
    [name] => rashmi
    [email] => sumithbandela@gmail.com
    [phone] => +916302135647
    [eventType] => family
    [eventDate] => 2025-09-21
    [message] => hello
)

