ERROR - 2026-01-03 17:26:36 --> mysqli_sql_exception: Unknown column 'event_date' in 'field list' in E:\finalVersion\backend\system\Database\MySQLi\Connection.php:327
Stack trace:
#0 E:\finalVersion\backend\system\Database\MySQLi\Connection.php(327): mysqli->query('INSERT INTO `al...', 0)
#1 E:\finalVersion\backend\system\Database\BaseConnection.php(738): CodeIgniter\Database\MySQLi\Connection->execute('INSERT INTO `al...')
#2 E:\finalVersion\backend\system\Database\BaseConnection.php(652): CodeIgniter\Database\BaseConnection->simpleQuery('INSERT INTO `al...')
#3 E:\finalVersion\backend\system\Database\BaseBuilder.php(2345): CodeIgniter\Database\BaseConnection->query('INSERT INTO `al...', Array, false)
#4 E:\finalVersion\backend\system\Model.php(394): CodeIgniter\Database\BaseBuilder->insert()
#5 E:\finalVersion\backend\system\BaseModel.php(843): CodeIgniter\Model->doInsert(Array)
#6 E:\finalVersion\backend\system\Model.php(800): CodeIgniter\BaseModel->insert(Array, true)
#7 E:\finalVersion\backend\app\Controllers\Api\AlbumsAdmin.php(64): CodeIgniter\Model->insert(Array)
#8 E:\finalVersion\backend\system\CodeIgniter.php(933): App\Controllers\Api\AlbumsAdmin->create()
#9 E:\finalVersion\backend\system\CodeIgniter.php(507): CodeIgniter\CodeIgniter->runController(Object(App\Controllers\Api\AlbumsAdmin))
#10 E:\finalVersion\backend\system\CodeIgniter.php(354): CodeIgniter\CodeIgniter->handleRequest(NULL, Object(Config\Cache), false)
#11 E:\finalVersion\backend\system\Boot.php(334): CodeIgniter\CodeIgniter->run()
#12 E:\finalVersion\backend\system\Boot.php(67): CodeIgniter\Boot::runCodeIgniter(Object(CodeIgniter\CodeIgniter))
#13 E:\finalVersion\backend\public\index.php(59): CodeIgniter\Boot::bootWeb(Object(Config\Paths))
#14 E:\finalVersion\backend\system\rewrite.php(44): require_once('E:\\finalVersion...')
#15 {main}
CRITICAL - 2026-01-03 17:26:36 --> CodeIgniter\Database\Exceptions\DatabaseException: Unknown column 'event_date' in 'field list'
[Method: POST, Route: api/admin/albums]
in SYSTEMPATH\Database\BaseConnection.php on line 692.
 1 SYSTEMPATH\Database\BaseBuilder.php(2345): CodeIgniter\Database\BaseConnection->query('INSERT INTO `albums` (`client_names`, `event_type`, `event_date`, `category`, `is_locked`) VALUES (:client_names:, :event_type:, :event_date:, :category:, :is_locked:)', [...], false)
 2 SYSTEMPATH\Model.php(394): CodeIgniter\Database\BaseBuilder->insert()
 3 SYSTEMPATH\BaseModel.php(843): CodeIgniter\Model->doInsert([...])
 4 SYSTEMPATH\Model.php(800): CodeIgniter\BaseModel->insert([...], true)
 5 APPPATH\Controllers\Api\AlbumsAdmin.php(64): CodeIgniter\Model->insert([...])
 6 SYSTEMPATH\CodeIgniter.php(933): App\Controllers\Api\AlbumsAdmin->create()
 7 SYSTEMPATH\CodeIgniter.php(507): CodeIgniter\CodeIgniter->runController(Object(App\Controllers\Api\AlbumsAdmin))
 8 SYSTEMPATH\CodeIgniter.php(354): CodeIgniter\CodeIgniter->handleRequest(null, Object(Config\Cache), false)
 9 SYSTEMPATH\Boot.php(334): CodeIgniter\CodeIgniter->run()
10 SYSTEMPATH\Boot.php(67): CodeIgniter\Boot::runCodeIgniter(Object(CodeIgniter\CodeIgniter))
11 FCPATH\index.php(59): CodeIgniter\Boot::bootWeb(Object(Config\Paths))
12 SYSTEMPATH\rewrite.php(44): require_once('E:\\finalVersion\\backend\\public\\index.php')
CRITICAL - 2026-01-03 17:26:36 --> [Caused by] CodeIgniter\Database\Exceptions\DatabaseException: Unknown column 'event_date' in 'field list'
in SYSTEMPATH\Database\MySQLi\Connection.php on line 332.
 1 SYSTEMPATH\Database\BaseConnection.php(738): CodeIgniter\Database\MySQLi\Connection->execute('INSERT INTO `albums` (`client_names`, `event_type`, `event_date`, `category`, `is_locked`) VALUES (\'John & Jane Doe\', \'Wedding\', \'2024-06-15\', \'General\', 0)')
 2 SYSTEMPATH\Database\BaseConnection.php(652): CodeIgniter\Database\BaseConnection->simpleQuery('INSERT INTO `albums` (`client_names`, `event_type`, `event_date`, `category`, `is_locked`) VALUES (\'John & Jane Doe\', \'Wedding\', \'2024-06-15\', \'General\', 0)')
 3 SYSTEMPATH\Database\BaseBuilder.php(2345): CodeIgniter\Database\BaseConnection->query('INSERT INTO `albums` (`client_names`, `event_type`, `event_date`, `category`, `is_locked`) VALUES (:client_names:, :event_type:, :event_date:, :category:, :is_locked:)', [...], false)
 4 SYSTEMPATH\Model.php(394): CodeIgniter\Database\BaseBuilder->insert()
 5 SYSTEMPATH\BaseModel.php(843): CodeIgniter\Model->doInsert([...])
 6 SYSTEMPATH\Model.php(800): CodeIgniter\BaseModel->insert([...], true)
 7 APPPATH\Controllers\Api\AlbumsAdmin.php(64): CodeIgniter\Model->insert([...])
 8 SYSTEMPATH\CodeIgniter.php(933): App\Controllers\Api\AlbumsAdmin->create()
 9 SYSTEMPATH\CodeIgniter.php(507): CodeIgniter\CodeIgniter->runController(Object(App\Controllers\Api\AlbumsAdmin))
10 SYSTEMPATH\CodeIgniter.php(354): CodeIgniter\CodeIgniter->handleRequest(null, Object(Config\Cache), false)
11 SYSTEMPATH\Boot.php(334): CodeIgniter\CodeIgniter->run()
12 SYSTEMPATH\Boot.php(67): CodeIgniter\Boot::runCodeIgniter(Object(CodeIgniter\CodeIgniter))
13 FCPATH\index.php(59): CodeIgniter\Boot::bootWeb(Object(Config\Paths))
14 SYSTEMPATH\rewrite.php(44): require_once('E:\\finalVersion\\backend\\public\\index.php')
CRITICAL - 2026-01-03 17:26:36 --> [Caused by] mysqli_sql_exception: Unknown column 'event_date' in 'field list'
in SYSTEMPATH\Database\MySQLi\Connection.php on line 327.
 1 SYSTEMPATH\Database\MySQLi\Connection.php(327): mysqli->query('INSERT INTO `albums` (`client_names`, `event_type`, `event_date`, `category`, `is_locked`) VALUES (\'John & Jane Doe\', \'Wedding\', \'2024-06-15\', \'General\', 0)', 0)
 2 SYSTEMPATH\Database\BaseConnection.php(738): CodeIgniter\Database\MySQLi\Connection->execute('INSERT INTO `albums` (`client_names`, `event_type`, `event_date`, `category`, `is_locked`) VALUES (\'John & Jane Doe\', \'Wedding\', \'2024-06-15\', \'General\', 0)')
 3 SYSTEMPATH\Database\BaseConnection.php(652): CodeIgniter\Database\BaseConnection->simpleQuery('INSERT INTO `albums` (`client_names`, `event_type`, `event_date`, `category`, `is_locked`) VALUES (\'John & Jane Doe\', \'Wedding\', \'2024-06-15\', \'General\', 0)')
 4 SYSTEMPATH\Database\BaseBuilder.php(2345): CodeIgniter\Database\BaseConnection->query('INSERT INTO `albums` (`client_names`, `event_type`, `event_date`, `category`, `is_locked`) VALUES (:client_names:, :event_type:, :event_date:, :category:, :is_locked:)', [...], false)
 5 SYSTEMPATH\Model.php(394): CodeIgniter\Database\BaseBuilder->insert()
 6 SYSTEMPATH\BaseModel.php(843): CodeIgniter\Model->doInsert([...])
 7 SYSTEMPATH\Model.php(800): CodeIgniter\BaseModel->insert([...], true)
 8 APPPATH\Controllers\Api\AlbumsAdmin.php(64): CodeIgniter\Model->insert([...])
 9 SYSTEMPATH\CodeIgniter.php(933): App\Controllers\Api\AlbumsAdmin->create()
10 SYSTEMPATH\CodeIgniter.php(507): CodeIgniter\CodeIgniter->runController(Object(App\Controllers\Api\AlbumsAdmin))
11 SYSTEMPATH\CodeIgniter.php(354): CodeIgniter\CodeIgniter->handleRequest(null, Object(Config\Cache), false)
12 SYSTEMPATH\Boot.php(334): CodeIgniter\CodeIgniter->run()
13 SYSTEMPATH\Boot.php(67): CodeIgniter\Boot::runCodeIgniter(Object(CodeIgniter\CodeIgniter))
14 FCPATH\index.php(59): CodeIgniter\Boot::bootWeb(Object(Config\Paths))
15 SYSTEMPATH\rewrite.php(44): require_once('E:\\finalVersion\\backend\\public\\index.php')
ERROR - 2026-01-03 17:27:51 --> mysqli_sql_exception: Unknown column 'event_date' in 'field list' in E:\finalVersion\backend\system\Database\MySQLi\Connection.php:327
Stack trace:
#0 E:\finalVersion\backend\system\Database\MySQLi\Connection.php(327): mysqli->query('INSERT INTO `al...', 0)
#1 E:\finalVersion\backend\system\Database\BaseConnection.php(738): CodeIgniter\Database\MySQLi\Connection->execute('INSERT INTO `al...')
#2 E:\finalVersion\backend\system\Database\BaseConnection.php(652): CodeIgniter\Database\BaseConnection->simpleQuery('INSERT INTO `al...')
#3 E:\finalVersion\backend\system\Database\BaseBuilder.php(2345): CodeIgniter\Database\BaseConnection->query('INSERT INTO `al...', Array, false)
#4 E:\finalVersion\backend\system\Model.php(394): CodeIgniter\Database\BaseBuilder->insert()
#5 E:\finalVersion\backend\system\BaseModel.php(843): CodeIgniter\Model->doInsert(Array)
#6 E:\finalVersion\backend\system\Model.php(800): CodeIgniter\BaseModel->insert(Array, true)
#7 E:\finalVersion\backend\app\Controllers\Api\AlbumsAdmin.php(70): CodeIgniter\Model->insert(Array)
#8 E:\finalVersion\backend\system\CodeIgniter.php(933): App\Controllers\Api\AlbumsAdmin->create()
#9 E:\finalVersion\backend\system\CodeIgniter.php(507): CodeIgniter\CodeIgniter->runController(Object(App\Controllers\Api\AlbumsAdmin))
#10 E:\finalVersion\backend\system\CodeIgniter.php(354): CodeIgniter\CodeIgniter->handleRequest(NULL, Object(Config\Cache), false)
#11 E:\finalVersion\backend\system\Boot.php(334): CodeIgniter\CodeIgniter->run()
#12 E:\finalVersion\backend\system\Boot.php(67): CodeIgniter\Boot::runCodeIgniter(Object(CodeIgniter\CodeIgniter))
#13 E:\finalVersion\backend\public\index.php(59): CodeIgniter\Boot::bootWeb(Object(Config\Paths))
#14 E:\finalVersion\backend\system\rewrite.php(44): require_once('E:\\finalVersion...')
#15 {main}
CRITICAL - 2026-01-03 17:27:51 --> CodeIgniter\Database\Exceptions\DatabaseException: Unknown column 'event_date' in 'field list'
[Method: POST, Route: api/admin/albums]
in SYSTEMPATH\Database\BaseConnection.php on line 692.
 1 SYSTEMPATH\Database\BaseBuilder.php(2345): CodeIgniter\Database\BaseConnection->query('INSERT INTO `albums` (`client_names`, `event_type`, `is_locked`, `event_date`) VALUES (:client_names:, :event_type:, :is_locked:, :event_date:)', [...], false)
 2 SYSTEMPATH\Model.php(394): CodeIgniter\Database\BaseBuilder->insert()
 3 SYSTEMPATH\BaseModel.php(843): CodeIgniter\Model->doInsert([...])
 4 SYSTEMPATH\Model.php(800): CodeIgniter\BaseModel->insert([...], true)
 5 APPPATH\Controllers\Api\AlbumsAdmin.php(70): CodeIgniter\Model->insert([...])
 6 SYSTEMPATH\CodeIgniter.php(933): App\Controllers\Api\AlbumsAdmin->create()
 7 SYSTEMPATH\CodeIgniter.php(507): CodeIgniter\CodeIgniter->runController(Object(App\Controllers\Api\AlbumsAdmin))
 8 SYSTEMPATH\CodeIgniter.php(354): CodeIgniter\CodeIgniter->handleRequest(null, Object(Config\Cache), false)
 9 SYSTEMPATH\Boot.php(334): CodeIgniter\CodeIgniter->run()
10 SYSTEMPATH\Boot.php(67): CodeIgniter\Boot::runCodeIgniter(Object(CodeIgniter\CodeIgniter))
11 FCPATH\index.php(59): CodeIgniter\Boot::bootWeb(Object(Config\Paths))
12 SYSTEMPATH\rewrite.php(44): require_once('E:\\finalVersion\\backend\\public\\index.php')
CRITICAL - 2026-01-03 17:27:51 --> [Caused by] CodeIgniter\Database\Exceptions\DatabaseException: Unknown column 'event_date' in 'field list'
in SYSTEMPATH\Database\MySQLi\Connection.php on line 332.
 1 SYSTEMPATH\Database\BaseConnection.php(738): CodeIgniter\Database\MySQLi\Connection->execute('INSERT INTO `albums` (`client_names`, `event_type`, `is_locked`, `event_date`) VALUES (\'John & Jane Doe\', \'Wedding\', 0, \'2024-06-15\')')
 2 SYSTEMPATH\Database\BaseConnection.php(652): CodeIgniter\Database\BaseConnection->simpleQuery('INSERT INTO `albums` (`client_names`, `event_type`, `is_locked`, `event_date`) VALUES (\'John & Jane Doe\', \'Wedding\', 0, \'2024-06-15\')')
 3 SYSTEMPATH\Database\BaseBuilder.php(2345): CodeIgniter\Database\BaseConnection->query('INSERT INTO `albums` (`client_names`, `event_type`, `is_locked`, `event_date`) VALUES (:client_names:, :event_type:, :is_locked:, :event_date:)', [...], false)
 4 SYSTEMPATH\Model.php(394): CodeIgniter\Database\BaseBuilder->insert()
 5 SYSTEMPATH\BaseModel.php(843): CodeIgniter\Model->doInsert([...])
 6 SYSTEMPATH\Model.php(800): CodeIgniter\BaseModel->insert([...], true)
 7 APPPATH\Controllers\Api\AlbumsAdmin.php(70): CodeIgniter\Model->insert([...])
 8 SYSTEMPATH\CodeIgniter.php(933): App\Controllers\Api\AlbumsAdmin->create()
 9 SYSTEMPATH\CodeIgniter.php(507): CodeIgniter\CodeIgniter->runController(Object(App\Controllers\Api\AlbumsAdmin))
10 SYSTEMPATH\CodeIgniter.php(354): CodeIgniter\CodeIgniter->handleRequest(null, Object(Config\Cache), false)
11 SYSTEMPATH\Boot.php(334): CodeIgniter\CodeIgniter->run()
12 SYSTEMPATH\Boot.php(67): CodeIgniter\Boot::runCodeIgniter(Object(CodeIgniter\CodeIgniter))
13 FCPATH\index.php(59): CodeIgniter\Boot::bootWeb(Object(Config\Paths))
14 SYSTEMPATH\rewrite.php(44): require_once('E:\\finalVersion\\backend\\public\\index.php')
CRITICAL - 2026-01-03 17:27:51 --> [Caused by] mysqli_sql_exception: Unknown column 'event_date' in 'field list'
in SYSTEMPATH\Database\MySQLi\Connection.php on line 327.
 1 SYSTEMPATH\Database\MySQLi\Connection.php(327): mysqli->query('INSERT INTO `albums` (`client_names`, `event_type`, `is_locked`, `event_date`) VALUES (\'John & Jane Doe\', \'Wedding\', 0, \'2024-06-15\')', 0)
 2 SYSTEMPATH\Database\BaseConnection.php(738): CodeIgniter\Database\MySQLi\Connection->execute('INSERT INTO `albums` (`client_names`, `event_type`, `is_locked`, `event_date`) VALUES (\'John & Jane Doe\', \'Wedding\', 0, \'2024-06-15\')')
 3 SYSTEMPATH\Database\BaseConnection.php(652): CodeIgniter\Database\BaseConnection->simpleQuery('INSERT INTO `albums` (`client_names`, `event_type`, `is_locked`, `event_date`) VALUES (\'John & Jane Doe\', \'Wedding\', 0, \'2024-06-15\')')
 4 SYSTEMPATH\Database\BaseBuilder.php(2345): CodeIgniter\Database\BaseConnection->query('INSERT INTO `albums` (`client_names`, `event_type`, `is_locked`, `event_date`) VALUES (:client_names:, :event_type:, :is_locked:, :event_date:)', [...], false)
 5 SYSTEMPATH\Model.php(394): CodeIgniter\Database\BaseBuilder->insert()
 6 SYSTEMPATH\BaseModel.php(843): CodeIgniter\Model->doInsert([...])
 7 SYSTEMPATH\Model.php(800): CodeIgniter\BaseModel->insert([...], true)
 8 APPPATH\Controllers\Api\AlbumsAdmin.php(70): CodeIgniter\Model->insert([...])
 9 SYSTEMPATH\CodeIgniter.php(933): App\Controllers\Api\AlbumsAdmin->create()
10 SYSTEMPATH\CodeIgniter.php(507): CodeIgniter\CodeIgniter->runController(Object(App\Controllers\Api\AlbumsAdmin))
11 SYSTEMPATH\CodeIgniter.php(354): CodeIgniter\CodeIgniter->handleRequest(null, Object(Config\Cache), false)
12 SYSTEMPATH\Boot.php(334): CodeIgniter\CodeIgniter->run()
13 SYSTEMPATH\Boot.php(67): CodeIgniter\Boot::runCodeIgniter(Object(CodeIgniter\CodeIgniter))
14 FCPATH\index.php(59): CodeIgniter\Boot::bootWeb(Object(Config\Paths))
15 SYSTEMPATH\rewrite.php(44): require_once('E:\\finalVersion\\backend\\public\\index.php')
ERROR - 2026-01-03 17:30:21 --> Album insert failed: []
ERROR - 2026-01-03 17:30:21 --> Album data: {"client_names":"John & Jane Doe","event_type":"Wedding","is_locked":0,"event_date":"2024-06-15"}
ERROR - 2026-01-03 17:32:46 --> Album insert failed: []
ERROR - 2026-01-03 17:32:46 --> Album data: {"client_names":"John Doe","event_type":"Wedding","is_locked":0}
ERROR - 2026-01-03 17:37:52 --> Album insert failed: []
ERROR - 2026-01-03 17:37:52 --> Album data: {"client_names":"John Doe","event_type":"Wedding","is_locked":0,"date":"2024-06-15","category":"Wedding"}
ERROR - 2026-01-03 17:40:54 --> Album insert failed: []
ERROR - 2026-01-03 17:40:54 --> Album data: {"client_names":"John Doe","event_type":"Wedding","is_locked":0,"date":"2024-06-15","category":"Wedding"}
ERROR - 2026-01-03 17:42:07 --> Album insert failed - DB Error: {"code":0,"message":""}
ERROR - 2026-01-03 17:42:07 --> Album insert failed - Model Errors: []
ERROR - 2026-01-03 17:42:07 --> Album data attempted: {"client_names":"John Doe","event_type":"Wedding","is_locked":0,"date":"2024-06-15","category":"Wedding"}
ERROR - 2026-01-03 17:43:02 --> Album insert failed - DB Error: {"code":0,"message":""}
ERROR - 2026-01-03 17:43:02 --> Album insert failed - Model Errors: []
ERROR - 2026-01-03 17:43:02 --> Album data attempted: {"client_names":"John Doe","event_type":"Wedding","is_locked":0,"date":"2024-06-15","category":"Wedding"}
ERROR - 2026-01-03 17:43:05 --> Album insert failed - DB Error: {"code":0,"message":""}
ERROR - 2026-01-03 17:43:05 --> Album insert failed - Model Errors: []
ERROR - 2026-01-03 17:43:05 --> Album data attempted: {"client_names":"John Doe","event_type":"Wedding","is_locked":0,"date":"2024-06-15","category":"Wedding"}
ERROR - 2026-01-03 17:44:21 --> Minimal insert failed - DB Error: {"code":0,"message":""}
ERROR - 2026-01-03 17:44:21 --> Minimal insert failed - Model Errors: []
